Colégio Pedro II@IdOrgao=256@Particao=244
Arquivo Nacional@IdOrgao=334@Particao=316
Imprensa Nacional@IdOrgao=332@Particao=2837
Comando da Marinha@IdOrgao=185@Particao=41066
Comando do Exército@IdOrgao=94@Particao=41066
Hospital Fêmina S/A@IdOrgao=2024@Particao=304
Comissão de Anistia@IdOrgao=74383@Particao=316
Ordinariado Militar@IdOrgao=41929@Particao=41066
Ajudância-de-Ordens@IdOrgao=46870@Particao=1949
Ajudância-de-Ordens@IdOrgao=92768@Particao=1408
Conselho das Cidades@IdOrgao=59090@Particao=42672
Banco do Brasil S.A.@IdOrgao=93@Particao=1929
Fundação Oswaldo Cruz@IdOrgao=315@Particao=304
Observatório Nacional@IdOrgao=346@Particao=1988
Comissão de Promoções@IdOrgao=3305@Particao=263
Comitê Gestor do FNMC@IdOrgao=112729@Particao=1927
Comitê Gestor do PGPAF@IdOrgao=91118@Particao=17125
Secretaria de Inovação@IdOrgao=8925@Particao=3162
Banco da Amazônia S.A.@IdOrgao=171@Particao=1929
Comando da Aeronáutica@IdOrgao=48@Particao=41066
Assessoria Diplomática@IdOrgao=1935@Particao=1408
Banco Central do Brasil@IdOrgao=89@Particao=1929
Caixa Econômica Federal@IdOrgao=91@Particao=1929
Casa da Moeda do Brasil@IdOrgao=92@Particao=1929
Fundação Joaquim Nabuco@IdOrgao=257@Particao=244
Companhia Docas do Pará@IdOrgao=182@Particao=92748
Conselho do Agronegócio@IdOrgao=75693@Particao=14
Petróleo Brasileiro S.A.@IdOrgao=224@Particao=2852
Companhia Docas do Ceará@IdOrgao=758@Particao=92748
Ouvidoria-Geral da União@IdOrgao=72576@Particao=52303
Comitê Gestor do PRO-REG@IdOrgao=91555@Particao=2837
Vice-Consulado em Lethem@IdOrgao=93602@Particao=263
Secretaria de Aeroportos@IdOrgao=115549@Particao=115257
Conselho de Administração@IdOrgao=109993@Particao=2837
Agência Nacional de Águas@IdOrgao=46876@Particao=1927
Conselho de Aviação Civil @IdOrgao=47027@Particao=115257
Comissão de Biossegurança@IdOrgao=94128@Particao=41066
Empresa Gestora de Ativos@IdOrgao=55962@Particao=1929
IRB-Brasil Resseguros S/A@IdOrgao=242@Particao=1929
Escola Superior de Guerra@IdOrgao=36@Particao=41066
Câmara de Política Social@IdOrgao=19235@Particao=1932
Secretaria do Audiovisual@IdOrgao=3662@Particao=1926
Consultoria-Geral da União@IdOrgao=3620@Particao=46
Fundação Nacional de Saúde@IdOrgao=2207@Particao=304
Fundação Nacional de Artes@IdOrgao=2330@Particao=1926
Embaixada do Brasil em Amã@IdOrgao=20858@Particao=263
Fundação Nacional do Índio@IdOrgao=173@Particao=316
Conselho Nacional de Saúde@IdOrgao=306@Particao=304
Fundação Cultural Palmares@IdOrgao=1782@Particao=1926
Comissão Técnica Executiva@IdOrgao=57193@Particao=2837
Agência Nacional do Cinema@IdOrgao=57682@Particao=1926
Gabinete-Adjunto de Agenda@IdOrgao=93911@Particao=1949
Procuradoria-Geral Federal@IdOrgao=69685@Particao=46
Conselho Militar de Defesa@IdOrgao=41926@Particao=41066
Instituto Pandiá Calógeras@IdOrgao=121917@Particao=41066
Embaixada do Brasil em Díli@IdOrgao=68624@Particao=263
Corregedoria-Geral da União@IdOrgao=88751@Particao=52303
Autoridade Pública Olímpica@IdOrgao=116793@Particao=36670
Conselho Superior de Cinema@IdOrgao=57680@Particao=1926
Consulado do Brasil em Chuí@IdOrgao=52512@Particao=263
Embaixada do Brasil em Lima@IdOrgao=869@Particao=263
Embaixada do Brasil em Oslo@IdOrgao=879@Particao=263
Embaixada do Brasil em Roma@IdOrgao=889@Particao=263
Embaixada do Brasil em Seul@IdOrgao=894@Particao=263
Instituto Benjamin Constant@IdOrgao=251@Particao=244
Companhia Docas do Maranhão@IdOrgao=181@Particao=2846
Conselho Monetário Nacional@IdOrgao=82@Particao=1929
Hospital das Forças Armadas@IdOrgao=35@Particao=41066
Comissão do Serviço Militar@IdOrgao=485@Particao=41066
Embaixada do Brasil em Acra@IdOrgao=835@Particao=263
Embaixada do Brasil em Baku@IdOrgao=20386@Particao=263
Câmara de Política Cultural@IdOrgao=76390@Particao=1932
Embaixada do Brasil em Haia@IdOrgao=8998@Particao=263
Câmara de Comércio Exterior@IdOrgao=9154@Particao=1932
Embaixada do Brasil em Kiev@IdOrgao=9172@Particao=263
Defensoria Pública da União@IdOrgao=10355@Particao=316
Procuradoria-Geral da União@IdOrgao=3619@Particao=46
Agência Espacial Brasileira@IdOrgao=4243@Particao=1988
Embaixada do Brasil em Doha@IdOrgao=8992@Particao=263
Embaixada do Brasil em Berna@IdOrgao=8652@Particao=263
Conselho de Política Externa@IdOrgao=8870@Particao=263
Embaixada do Brasil em Cabul@IdOrgao=8890@Particao=263
Hospital Cristo Redentor S/A@IdOrgao=2021@Particao=304
Embaixada do Brasil em Vaduz@IdOrgao=9264@Particao=263
Embaixada do Brasil em Paris@IdOrgao=9126@Particao=263
Embaixada do Brasil em Praia@IdOrgao=9132@Particao=263
Museu Paraense Emílio Goeldi@IdOrgao=24712@Particao=1988
Centro de Tecnologia Mineral@IdOrgao=24752@Particao=1988
Embaixada do Brasil em Minsk@IdOrgao=29059@Particao=263
Embaixada do Brasil em Hanói@IdOrgao=29055@Particao=263
Secretaria de Gestão Pública@IdOrgao=37003@Particao=2981
Embaixada do Brasil em Argel@IdOrgao=837@Particao=263
Universidade Federal do Pará@IdOrgao=415@Particao=244
Fundação Casa de Rui Barbosa@IdOrgao=261@Particao=1926
Fundação Alexandre de Gusmão@IdOrgao=299@Particao=263
Embaixada do Brasil em Sófia@IdOrgao=895@Particao=263
Embaixada do Brasil em Teerã@IdOrgao=896@Particao=263
Embaixada do Brasil em Quito@IdOrgao=887@Particao=263
Embaixada do Brasil em Rabat@IdOrgao=888@Particao=263
Embaixada do Brasil em Praga@IdOrgao=885@Particao=263
Embaixada do Brasil em Túnis@IdOrgao=901@Particao=263
Embaixada do Brasil em Viena@IdOrgao=903@Particao=263
Fundação Biblioteca Nacional@IdOrgao=984@Particao=1926
Embaixada do Brasil em Madri@IdOrgao=871@Particao=263
Embaixada do Brasil em Riade@IdOrgao=863@Particao=263
Embaixada do Brasil no Cairo@IdOrgao=849@Particao=263
Embaixada do Brasil em Dacar@IdOrgao=855@Particao=263
Embaixada do Brasil em Abuja@IdOrgao=83833@Particao=263
Conselho Nacional de Turismo@IdOrgao=57612@Particao=72084
Câmara de Política Econômica@IdOrgao=67184@Particao=1932
Serviço Florestal Brasileiro@IdOrgao=89539@Particao=1927
Conselho Nacional de Esporte@IdOrgao=47637@Particao=36670
Comissão Nacional da Verdade@IdOrgao=117159@Particao=2837
Comitê Consultivo do PRO-REG@IdOrgao=91556@Particao=2837
Vice-Consulado em Concepción@IdOrgao=100250@Particao=263
Conselho Nacional do Trabalho@IdOrgao=110122@Particao=2844
Secretaria-Executiva do CONIT@IdOrgao=107076@Particao=54888
Embaixada do Brasil em Kuaite@IdOrgao=853@Particao=263
Embaixada do Brasil em Bissau@IdOrgao=844@Particao=263
Embaixada do Brasil em Bogotá@IdOrgao=845@Particao=263
Embaixada do Brasil em Berlim@IdOrgao=846@Particao=263
Embaixada do Brasil em La Paz@IdOrgao=867@Particao=263
Embaixada do Brasil em Luanda@IdOrgao=870@Particao=263
Embaixada do Brasil em Panamá@IdOrgao=880@Particao=263
Embaixada do Brasil em Pequim@IdOrgao=882@Particao=263
Embaixada do Brasil em Manila@IdOrgao=873@Particao=263
Embaixada do Brasil em Maputo@IdOrgao=874@Particao=263
Embaixada do Brasil no México@IdOrgao=875@Particao=263
Embaixada do Brasil em Moscou@IdOrgao=876@Particao=263
Comissão Especial de Recursos@IdOrgao=1223@Particao=14
Embaixada do Brasil em Tóquio@IdOrgao=899@Particao=263
Secretaria de Educação Básica@IdOrgao=1975@Particao=244
Secretaria de Atenção à Saúde@IdOrgao=1989@Particao=304
Colégio de Consultoria da AGU@IdOrgao=91748@Particao=46
Conselho Nacional de Trânsito@IdOrgao=321@Particao=42672
Conselho Nacional de Educação@IdOrgao=248@Particao=244
Universidade Federal do Ceará@IdOrgao=416@Particao=244
Universidade Federal da Bahia@IdOrgao=421@Particao=244
Universidade Federal de Goiás@IdOrgao=422@Particao=244
Embaixada do Brasil em Atenas@IdOrgao=838@Particao=263
Embaixada do Brasil em Ancara@IdOrgao=836@Particao=263
Embaixada do Brasil em Abidjã@IdOrgao=834@Particao=263
Embaixada do Brasil em Astana@IdOrgao=35541@Particao=263
Conselho de Saúde Suplementar@IdOrgao=32415@Particao=304
Embaixada do Brasil em Tallin@IdOrgao=29064@Particao=263
Embaixada do Brasil em Iaundê@IdOrgao=9100@Particao=263
Embaixada do Brasil em Lisboa@IdOrgao=9101@Particao=263
Embaixada do Brasil em Ottawa@IdOrgao=9125@Particao=263
Embaixada do Brasil em Havana@IdOrgao=8999@Particao=263
Embaixada do Brasil em Lusaca@IdOrgao=9105@Particao=263
Embaixada do Brasil em Malabo@IdOrgao=9107@Particao=263
Embaixada do Brasil em Zagreb@IdOrgao=18734@Particao=263
Embaixada do Brasil em Cartum@IdOrgao=8891@Particao=263
Embaixada do Brasil em Dublin@IdOrgao=8993@Particao=263
Embaixada do Brasil em Harare@IdOrgao=8984@Particao=263
Embaixada do Brasil em Bamako@IdOrgao=8425@Particao=263
Conselho Nacional de Juventude@IdOrgao=81129@Particao=42673
Embaixada do Brasil em Conacri@IdOrgao=8983@Particao=263
Secretaria de Controle Interno@IdOrgao=2040@Particao=263
Conselho Nacional de Imigração@IdOrgao=2766@Particao=2844
Comissão Nacional de Florestas@IdOrgao=76175@Particao=1927
Embaixada do Brasil em Mascate@IdOrgao=9113@Particao=263
Secretaria Nacional de Justiça@IdOrgao=9518@Particao=316
Embaixada do Brasil em Ierevan@IdOrgao=29071@Particao=263
Embaixada do Brasil em Bangkok@IdOrgao=840@Particao=263
Embaixada do Brasil em Beirute@IdOrgao=841@Particao=263
Universidade Federal de Lavras@IdOrgao=463@Particao=244
Universidade Federal do Paraná@IdOrgao=428@Particao=244
Secretaria de Energia Elétrica@IdOrgao=1919@Particao=2852
Secretaria do Tesouro Nacional@IdOrgao=1696@Particao=1929
Secretaria de Controle Interno@IdOrgao=1222@Particao=42673
Secretaria de Telecomunicações@IdOrgao=73537@Particao=3159
Embaixada do Brasil em Trípoli@IdOrgao=900@Particao=263
Embaixada do Brasil em Jacarta@IdOrgao=862@Particao=263
Embaixada do Brasil em Nairóbi@IdOrgao=877@Particao=263
Embaixada do Brasil em Manágua@IdOrgao=872@Particao=263
Embaixada do Brasil em Caracas@IdOrgao=851@Particao=263
Embaixada do Brasil em Damasco@IdOrgao=856@Particao=263
Embaixada do Brasil em Londres@IdOrgao=37861@Particao=263
Embaixada do Brasil em Cotonou@IdOrgao=88372@Particao=263
Secretaria de Controle Interno@IdOrgao=41581@Particao=41066
Empresa de Pesquisa Energética@IdOrgao=76608@Particao=2852
Instituto Brasileiro de Museus@IdOrgao=100584@Particao=1926
Consulado do Brasil em Iquitos@IdOrgao=84218@Particao=263
Secretaria de Inclusão Digital@IdOrgao=115434@Particao=3159
Secretaria de Economia Criativa@IdOrgao=119553@Particao=1926
Delegação Permanente em Genebra@IdOrgao=97848@Particao=263
Embaixada do Brasil em Helsinki@IdOrgao=860@Particao=263
Embaixada do Brasil em Camberra@IdOrgao=850@Particao=263
Embaixada do Brasil em Kingston@IdOrgao=864@Particao=263
Embaixada do Brasil em Kinshasa@IdOrgao=865@Particao=263
Embaixada do Brasil em Pretória@IdOrgao=886@Particao=263
Embaixada do Brasil em São José@IdOrgao=892@Particao=263
Embaixada do Brasil em Varsóvia@IdOrgao=902@Particao=263
Embaixada do Brasil em Tel Aviv@IdOrgao=898@Particao=263
Embaixada do Brasil em Sarajevo@IdOrgao=77973@Particao=263
Secretaria de Orçamento Federal@IdOrgao=2032@Particao=2981
Universidade Federal da Paraíba@IdOrgao=419@Particao=244
Universidade Federal de Alagoas@IdOrgao=420@Particao=244
Universidade Federal Fluminense@IdOrgao=427@Particao=244
Universidade Federal de Alfenas@IdOrgao=461@Particao=244
Universidade Federal de Itajubá@IdOrgao=462@Particao=244
Comissão de Valores Mobiliários@IdOrgao=478@Particao=1929
Embaixada do Brasil em Belgrado@IdOrgao=842@Particao=263
Secretaria de Educação Superior@IdOrgao=766@Particao=244
Instituto Brasileiro de Turismo@IdOrgao=241@Particao=72084
Departamento de Polícia Federal@IdOrgao=324@Particao=316
Secretária-Geral de Consultoria@IdOrgao=29028@Particao=46
Secretaria-Geral de Contencioso@IdOrgao=29029@Particao=46
Embaixada do Brasil em Lilongue@IdOrgao=29056@Particao=263
Embaixada do Brasil em Windhoek@IdOrgao=9843@Particao=263
Embaixada do Brasil em Santiago@IdOrgao=9209@Particao=263
Embaixada do Brasil em Uagadugu@IdOrgao=9215@Particao=263
Embaixada do Brasil no Vaticano@IdOrgao=9217@Particao=263
Embaixada do Brasil em Katmandu@IdOrgao=9001@Particao=263
Embaixada do Brasil em São Tomé@IdOrgao=9139@Particao=263
Embaixada do Brasil em Monróvia@IdOrgao=9142@Particao=263
Embaixada do Brasil em Gaborone@IdOrgao=119794@Particao=263
Secretaria de Política Agrícola@IdOrgao=2035@Particao=14
Secretaria de Comércio Exterior@IdOrgao=3215@Particao=3162
Embaixada do Brasil em Belmopan@IdOrgao=8651@Particao=263
Embaixada do Brasil em Castries@IdOrgao=8892@Particao=263
37º Batalhão de Infantaria Leve@IdOrgao=95490@Particao=1932
Embaixada do Brasil em Assunção@IdOrgao=8428@Particao=263
Embaixada do Brasil em Bruxelas@IdOrgao=8648@Particao=263
Instituto Nacional do Semi-Árido @IdOrgao=80497@Particao=1988
Assessoria de Gestão Estratégica@IdOrgao=80968@Particao=14
Secretaria Nacional de Juventude@IdOrgao=81128@Particao=42673
Comissão Nacional de Cartografia@IdOrgao=7211@Particao=2981
Embaixada do Brasil em Abu Dhabi@IdOrgao=7367@Particao=263
Embaixada do Brasil em Cingapura@IdOrgao=8988@Particao=263
Comitê de Política Internacional@IdOrgao=94421@Particao=17125
Embaixada do Brasil em Liubliana@IdOrgao=9102@Particao=263
Comitê Nacional das Zonas Úmidas @IdOrgao=98540@Particao=1927
Secretaria Nacional de Habitação@IdOrgao=74011@Particao=42672
Instituto Nacional de Tecnologia@IdOrgao=232@Particao=1988
Banco do Nordeste do Brasil S.A.@IdOrgao=172@Particao=1929
Secretaria de Política Econômica@IdOrgao=1987@Particao=1929
Assessoria de Comunicação Social@IdOrgao=1939@Particao=1408
Embaixada do Brasil em Bucareste@IdOrgao=847@Particao=263
Embaixada do Brasil em Budapeste@IdOrgao=848@Particao=263
Embaixada do Brasil na Guatemala@IdOrgao=859@Particao=263
Embaixada do Brasil em Estocolmo@IdOrgao=857@Particao=263
Secretaria de Produtos de Defesa@IdOrgao=113165@Particao=41066
Secretaria Nacional de Irrigação@IdOrgao=115597@Particao=42670
Comitê Nacional de Biotecnologia@IdOrgao=91269@Particao=3162
Embaixada do Brasil em Pyongyang@IdOrgao=68460@Particao=263
Centros Educacionais Estrangeiros@IdOrgao=71176@Particao=263
Secretaria-Geral de Administração@IdOrgao=70352@Particao=46
Representação Regional no Sudeste@IdOrgao=90128@Particao=1988
Secretaria de Comércio e Serviços@IdOrgao=85706@Particao=3162
Vice-Consulado em Puerto Ayacucho@IdOrgao=80480@Particao=263
Embaixada do Brasil em Montevidéu@IdOrgao=46661@Particao=263
Consulado-Geral do Brasil em Roma@IdOrgao=39643@Particao=263
Secretaria Nacional do Consumidor@IdOrgao=119335@Particao=316
Consulado-Geral do Brasil em Faro@IdOrgao=112990@Particao=263
Embaixada do Brasil em Bamgladesh@IdOrgao=101067@Particao=263
Comitê Gestor do Simples Nacional@IdOrgao=101141@Particao=1929
Embaixada do Brasil em Georgetown@IdOrgao=858@Particao=263
Embaixada do Brasil em Islamabade@IdOrgao=861@Particao=263
Embaixada do Brasil em Copenhague@IdOrgao=852@Particao=263
Embaixada do Brasil em Libreville@IdOrgao=868@Particao=263
Embaixada do Brasil em Nova Delhi@IdOrgao=878@Particao=263
Embaixada do Brasil em Paramaribo@IdOrgao=881@Particao=263
Embaixada do Brasil em Washington@IdOrgao=904@Particao=263
Laboratório Nacional Agropecuário@IdOrgao=72270@Particao=14
Secretaria do Patrimônio da União@IdOrgao=1986@Particao=2981
Secretaria de Vigilância em Saúde@IdOrgao=74933@Particao=304
Fundo Nacional de Desenvolvimento@IdOrgao=1705@Particao=3162
Companhia Docas do Rio de Janeiro@IdOrgao=180@Particao=92748
Comitê Brasileiro de Nomenclatura@IdOrgao=88@Particao=1929
Telecomunicações Brasileiras S.A.@IdOrgao=75@Particao=3159
Companhia Docas do Espírito Santo@IdOrgao=701@Particao=92748
Secretaria de Defesa Agropecuária@IdOrgao=757@Particao=14
Fundação Universidade de Brasília@IdOrgao=470@Particao=244
Universidade Federal de São Paulo@IdOrgao=464@Particao=244
Fundação Universidade do Amazonas@IdOrgao=465@Particao=244
Subchefia de Assuntos Federativos@IdOrgao=36714@Particao=76917
Embaixada do Brasil em Bratislava@IdOrgao=29054@Particao=263
Embaixada do Brasil em Nouakchott@IdOrgao=9118@Particao=263
Embaixada do Brasil em Wellington@IdOrgao=9122@Particao=263
Agência Nacional de Aviação Civil@IdOrgao=86144@Particao=115257
Secretaria de Políticas Culturais@IdOrgao=75694@Particao=1926
Laboratório Nacional Agropecuário@IdOrgao=72228@Particao=14
Embaixada do Brasil em Adis-Abeba@IdOrgao=7369@Particao=263
Embaixada do Brasil em Bridgetown@IdOrgao=8427@Particao=263
Subchefia para Assuntos Jurídicos@IdOrgao=3154@Particao=2837
Secretaria de Relações do Trabalho@IdOrgao=2861@Particao=2844
Embaixada do Brasil em Brazzaville@IdOrgao=8653@Particao=263
Consulado-Geral do Brasil em Paris@IdOrgao=88430@Particao=263
Comissão Nacional de Classificação@IdOrgao=9972@Particao=2981
Empresa Brasil de Comunicação S.A.@IdOrgao=86567@Particao=91624
Assessoria de Imprensa do Gabinete@IdOrgao=24961@Particao=263
Universidade Federal de Uberlândia@IdOrgao=472@Particao=244
Universidade Federal de Pernambuco@IdOrgao=418@Particao=244
Financiadora de Estudos e Projetos@IdOrgao=1@Particao=1988
Centrais Elétricas Brasileiras S/A@IdOrgao=226@Particao=2852
Escola de Administração Fazendária@IdOrgao=344@Particao=1929
Embaixada do Brasil em Santa Lúcia@IdOrgao=94583@Particao=263
Instituto Nacional de Meteorologia@IdOrgao=2030@Particao=14
Conselho Nacional do Meio Ambiente @IdOrgao=1023@Particao=1927
Embaixada do Brasil em Tegucigalpa@IdOrgao=897@Particao=263
Consulado-Geral do Brasil em Milão@IdOrgao=37328@Particao=263
Conselho Curador do Banco da Terra@IdOrgao=45738@Particao=17125
Secretaria da Agricultura Familiar@IdOrgao=44987@Particao=17125
Agência Brasileira de Inteligência@IdOrgao=45104@Particao=27
Escritório Financeiro em Nova York@IdOrgao=42767@Particao=263
Secretaria de Inspeção do Trabalho@IdOrgao=42832@Particao=2844
Consulado-Geral do Brasil em Miami@IdOrgao=43055@Particao=263
Departamento de Gestão Estratégica@IdOrgao=112975@Particao=46
Consulado-Geral do Brasil no Porto@IdOrgao=52510@Particao=263
Conselho Nacional de Biossegurança @IdOrgao=83690@Particao=2837
Representação Regional no Nordeste@IdOrgao=90126@Particao=1988
Comissão de Ética Pública Setorial@IdOrgao=90773@Particao=17125
Câmara de Gestão do Setor Elétrico@IdOrgao=69154@Particao=25276
Consulado-Geral do Brasil em Lagos@IdOrgao=84002@Particao=263
Consulado-Geral do Brasil no México@IdOrgao=97681@Particao=263
Assessoria Especial de Planejamento@IdOrgao=113010@Particao=41066
Consulado-Geral do Brasil em Madrid@IdOrgao=89532@Particao=263
Consulado-Geral do Brasil em Mumbai@IdOrgao=89628@Particao=263
Consulado-Geral do Brasil no Mexico@IdOrgao=94729@Particao=263
Consulado-Geral do Brasil em Xangai@IdOrgao=43516@Particao=263
Consulado-Geral do Brasil em Rivera@IdOrgao=41808@Particao=263
Consulado-Geral do Brasil em Boston@IdOrgao=41811@Particao=263
Secretaria de Reordenamento Agrário@IdOrgao=44988@Particao=17125
Secretaria Nacional de Defesa Civil@IdOrgao=38348@Particao=42670
Consulado-Geral do Brasil em Tóquio@IdOrgao=41042@Particao=263
Câmara de Atividades de Contencioso @IdOrgao=46989@Particao=46
Câmara de Atividades de Consultoria @IdOrgao=46997@Particao=46
Subsecretaria de Ações Estratégicas@IdOrgao=96450@Particao=94285
Secretaria de Comunicação Integrada@IdOrgao=95290@Particao=91624
Consulado-Geral do Brasil em Cantão@IdOrgao=105366@Particao=263
Secretaria de Navegação Aérea Civil@IdOrgao=115575@Particao=115257
Embaixada do Brasil em São Salvador@IdOrgao=893@Particao=263
Embaixada do Brasil em São Domingos@IdOrgao=891@Particao=263
Consulado-Geral do Brasil em Nagoya@IdOrgao=72521@Particao=263
Instituto Nacional do Seguro Social@IdOrgao=1934@Particao=1930
Departamento Penitenciário Nacional@IdOrgao=1956@Particao=316
Secretaria de Assuntos Legislativos@IdOrgao=1802@Particao=316
Universidade Federal de Santa Maria@IdOrgao=431@Particao=244
Laboratório Nacional de Astrofísica@IdOrgao=24753@Particao=1988
Câmara Interministerial de Trânsito@IdOrgao=74606@Particao=42672
Consulado-Geral do Brasil em Caiena@IdOrgao=29244@Particao=263
Subchefia de Assuntos Parlamentares@IdOrgao=36713@Particao=76917
Consulado-Geral do Brasil em Lisboa@IdOrgao=37010@Particao=263
Consulado-Geral do Brasil em Sydney@IdOrgao=33282@Particao=263
Secretaria de Reforma do Judiciário@IdOrgao=74381@Particao=316
Embaixada do Brasil em Kuala-Lumpur@IdOrgao=9075@Particao=263
Embaixada do Brasil em Buenos Aires@IdOrgao=8649@Particao=263
Embaixada do Brasil em Dar es Salam@IdOrgao=83605@Particao=263
Conselho Nacional da Amazônia Legal@IdOrgao=4009@Particao=1927
Comissão de Financiamentos Externos@IdOrgao=3171@Particao=2981
Companhia Nacional de Abastecimento@IdOrgao=2114@Particao=14
Secretaria de Produção e Agroenergia@IdOrgao=3214@Particao=14
Agência Nacional de Energia Elétrica@IdOrgao=21089@Particao=2852
Consulado-Geral do Brasil em Orlando@IdOrgao=109914@Particao=263
Museu de Astronomia e Ciências Afins@IdOrgao=24755@Particao=1988
Agência Nacional de Telecomunicações@IdOrgao=25064@Particao=3159
Consulado-Geral do Brasil em Houston@IdOrgao=26550@Particao=263
Universidade Federal de Minas Gerais@IdOrgao=423@Particao=244
Universidade Federal de Juiz de Fora@IdOrgao=424@Particao=244
Hospital de Clínicas de Porto Alegre@IdOrgao=258@Particao=244
Comissão Nacional de Energia Nuclear@IdOrgao=223@Particao=1988
Superintendência de Seguros Privados@IdOrgao=235@Particao=1929
Consulado-Geral do Brasil em Roterdã@IdOrgao=72535@Particao=263
Embaixada do Brasil em Port-of-Spain@IdOrgao=884@Particao=263
Escritório Especial em Altamira - PA@IdOrgao=118509@Particao=42673
Escritório de Representação na Bahia@IdOrgao=110367@Particao=263
Comitê de Gestão da Pesca da Lagosta@IdOrgao=108428@Particao=72083
Consulado-Geral do Brasil em Genebra@IdOrgao=84131@Particao=263
Comissão de Coordenação de Correição@IdOrgao=84303@Particao=52303
Consulado-Geral do Brasil em Munique@IdOrgao=37432@Particao=263
Consulado-Geral do Brasil em Chicago@IdOrgao=37014@Particao=263
Consulado-Geral do Brasil em Londres@IdOrgao=37862@Particao=263
Consulado-Geral do Brasil em Toronto@IdOrgao=46182@Particao=263
Secretaria de Infraestrutura Hídrica@IdOrgao=43032@Particao=42670
Consulado-Geral do Brasil em Caracas@IdOrgao=94730@Particao=263
Comitê Gestor do Projeto Casa Brasil@IdOrgao=83299@Particao=2837
Consulado-Geral do Brasil em Córdoba@IdOrgao=58488@Particao=263
Consulado-Geral do Brasil em Beirute@IdOrgao=84001@Particao=263
Delegacia Regional no Estado do Pará@IdOrgao=79717@Particao=3159
Fundação Universidade Federal do ABC@IdOrgao=84703@Particao=244
Consulado-Geral do Brasil em Mendoza@IdOrgao=89629@Particao=263
Secretaria de Segurança Presidencial@IdOrgao=113092@Particao=27
Consulado-Geral do Brasil em Caracas@IdOrgao=97680@Particao=263
Consulado-Geral do Brasil em Atlanta@IdOrgao=95292@Particao=263
Câmara de Conciliação Administrativa@IdOrgao=71433@Particao=46
Consulado-Geral do Brasil em Zurique@IdOrgao=70017@Particao=263
Comitê Gestor do Fundo Garantia-Safra@IdOrgao=70741@Particao=17125
Consulado-Geral do Brasil em Istambul@IdOrgao=104360@Particao=263
Assessoria de Assuntos Internacionais@IdOrgao=89538@Particao=1927
Escritório de Representação no Paraná@IdOrgao=59097@Particao=263
Câmara de Políticas de Gestão Pública@IdOrgao=83289@Particao=1932
Consulado-Geral do Brasil em Santiago@IdOrgao=46183@Particao=263
Agência Nacional de Saúde Suplementar@IdOrgao=45013@Particao=304
Consulado do Brasil em Ciudad Guayana@IdOrgao=39701@Particao=263
Consulado-Geral do Brasil em Montreal@IdOrgao=41035@Particao=263
Consulado-Geral do Brasil em Assunção@IdOrgao=46234@Particao=263
Secretaria Especial de Saúde Indígena@IdOrgao=110368@Particao=304
Universidade Federal do Oeste do Pará@IdOrgao=104667@Particao=244
Consulado-Geral do Brasil em Bruxelas@IdOrgao=109555@Particao=263
Comissão Mista da Indústria de Defesa@IdOrgao=121818@Particao=41066
Representação no Estado de Pernambuco@IdOrgao=115626@Particao=42670
Consulado-Geral do Brasil em Hartford@IdOrgao=95639@Particao=263
Escritório Especial em São Paulo - SP@IdOrgao=120908@Particao=42673
Comissão do Fundo Nacional da Cultura@IdOrgao=102543@Particao=1926
Universidade Federal da Fronteira Sul@IdOrgao=103730@Particao=244
Embaixada do Brasil em Porto Principe@IdOrgao=883@Particao=263
Secretaria de Assuntos Internacionais@IdOrgao=2031@Particao=2981
Conselho Nacional de Seguros Privados@IdOrgao=229@Particao=1929
Companhia Brasileira de Trens Urbanos @IdOrgao=372@Particao=42672
Fundação Universidade Federal do Acre@IdOrgao=466@Particao=244
Assessoria de Assuntos Internacionais@IdOrgao=14050@Particao=1988
Câmara de Políticas de Infraestrutura@IdOrgao=9674@Particao=1932
Secretaria de Assuntos Internacionais@IdOrgao=3433@Particao=1929
Secretaria de Política de Informática @IdOrgao=2058@Particao=1988
Conselho Nacional de Política Agrícola@IdOrgao=2174@Particao=14
Secretaria de Acompanhamento Econômico@IdOrgao=8837@Particao=1929
Secretaria Federal de Controle Interno@IdOrgao=4328@Particao=52303
Conselho Nacional de Recursos Hídricos@IdOrgao=23448@Particao=1927
Centro Brasileiro de Pesquisas Físicas@IdOrgao=24751@Particao=1988
Fundação Universidade Federal do Piauí@IdOrgao=468@Particao=244
Companhia das Docas do Estado da Bahia@IdOrgao=702@Particao=92748
Universidade Federal do Espírito Santo@IdOrgao=425@Particao=244
Universidade Federal do Rio de Janeiro@IdOrgao=426@Particao=244
Universidade Federal de Santa Catarina@IdOrgao=429@Particao=244
Universidade Federal Rural da Amazônia@IdOrgao=457@Particao=244
Companhia Docas do Rio Grande do Norte@IdOrgao=183@Particao=92748
Procuradoria-Geral da Fazenda Nacional@IdOrgao=78@Particao=1929
Conselho Nacional de Política Cultural@IdOrgao=1942@Particao=1926
Conselho Nacional de Segurança Pública@IdOrgao=1950@Particao=316
Secretaria de Desenvolvimento Regional@IdOrgao=72104@Particao=42670
Fundação Universidade Federal do Amapá@IdOrgao=1710@Particao=244
Companhia Docas do Estado de São Paulo@IdOrgao=959@Particao=92748
Consulado-Geral do Brasil em Hamamatsu@IdOrgao=97849@Particao=263
Fundação Universidade Federal do Pampa@IdOrgao=94739@Particao=244
Consulado-Geral do Brasil em Hong Kong@IdOrgao=59082@Particao=263
Consulado-Geral do Brasil em Frankfurt@IdOrgao=52503@Particao=263
Secretaria de Planejamento Diplomático@IdOrgao=76810@Particao=263
Comitê Executivo do Governo Eletrônico @IdOrgao=51321@Particao=1932
Universidade Federal de Campina Grande@IdOrgao=67671@Particao=244
Consulado-Geral do Brasil em Nova York@IdOrgao=69945@Particao=263
Consulado-Geral do Brasil em Barcelona@IdOrgao=69950@Particao=263
Conselho Nacional dos Direitos do Idoso@IdOrgao=68554@Particao=1801
Comissão Militar da Indústria da Defesa@IdOrgao=60771@Particao=41066
Secretaria de Organização Institucional@IdOrgao=113057@Particao=41066
Secretaria de Gestão, Controle e Normas@IdOrgao=89764@Particao=91624
Secretaria de Articulação Institucional@IdOrgao=40125@Particao=1926
Missão do Brasil Junto à União Européia @IdOrgao=37766@Particao=263
Consulado-Geral do Brasil em Montevidéu@IdOrgao=46662@Particao=263
Conselho Nacional de Economia Solidária@IdOrgao=77694@Particao=2844
Consulado-Geral do Brasil em Washington@IdOrgao=95638@Particao=263
Hospital Nossa Senhora da Conceição S/A@IdOrgao=2026@Particao=304
Secretaria da Receita Federal do Brasil@IdOrgao=77@Particao=1929
Fundação Universidade Federal de Viçosa@IdOrgao=474@Particao=244
Conselho Nacional de Assistência Social@IdOrgao=4402@Particao=1945
Conselho Nacional de Previdência Social@IdOrgao=2764@Particao=1930
Secretaria-Geral das Relações Exteriores@IdOrgao=2034@Particao=263
Corregedoria-Geral da Advocacia da União@IdOrgao=3621@Particao=46
Comissão Nacional de Incentivo à Cultura@IdOrgao=3508@Particao=1926
Escritório de Representação em São Paulo@IdOrgao=35206@Particao=263
Empresa de Planejamento e Logística S.A.@IdOrgao=119672@Particao=2846
Consulado-Geral do Brasil em Los Angeles@IdOrgao=37012@Particao=263
Agência Nacional de Vigilância Sanitária@IdOrgao=36687@Particao=304
Câmara de Políticas de Recursos Naturais@IdOrgao=12691@Particao=1932
Secretaria Nacional de Segurança Pública@IdOrgao=9053@Particao=316
Fundação Universidade Federal de Pelotas@IdOrgao=477@Particao=244
Fundação Universidade Federal de Sergipe@IdOrgao=469@Particao=244
Universidade Federal Rural do Semi-Árido@IdOrgao=458@Particao=244
Universidade Federal Rural de Pernambuco@IdOrgao=433@Particao=244
Conselho Nacional de Política Fazendária@IdOrgao=87@Particao=1929
Instituto Nacional de Educação de Surdos@IdOrgao=252@Particao=244
Conselho Nacional dos Direitos da Mulher@IdOrgao=1557@Particao=68487
Fundação Universidade Federal de Roraima@IdOrgao=1605@Particao=244
Embaixada do Brasil em Antígua e Barbuda@IdOrgao=101066@Particao=263
Empresa de Planejamento e Logística S.A.@IdOrgao=121084@Particao=2846
Comitê Nacional de Diversidade Religiosa@IdOrgao=121428@Particao=1801
Conselho Nacional de Aqüicultura e Pesca @IdOrgao=77695@Particao=72083
Representação Regional - Tipo B - do Sul@IdOrgao=77487@Particao=1926
Secretaria de Biodiversidade e Florestas@IdOrgao=38337@Particao=1927
Estado-Maior Conjunto das Forças Armadas@IdOrgao=41110@Particao=41066
Departamento de Tecnologia da Informação@IdOrgao=112976@Particao=46
Comissão de Gestão de Florestas Públicas@IdOrgao=89544@Particao=1927
Assessoria Especial de Apoio ao Ministro@IdOrgao=120307@Particao=2852
Subchefia de Articulação e Monitoramento@IdOrgao=78055@Particao=2837
Gabinete-Adjunto de Gestão e Atendimento@IdOrgao=93913@Particao=1949
Delegacia Regional no Estado de São Paulo@IdOrgao=79722@Particao=3159
Conselho de Gestão do Patrimônio Genético@IdOrgao=55959@Particao=1927
Secretaria Nacional de Economia Solidária@IdOrgao=75313@Particao=2844
Secretaria Nacional de Assistência Social@IdOrgao=38238@Particao=1945
Comissão Nacional de Política Indigenista @IdOrgao=93907@Particao=316
Secretaria Nacional de Renda de Cidadania@IdOrgao=77825@Particao=1945
Secretaria de Desenvolvimento Territorial@IdOrgao=77415@Particao=17125
Assessoria Especial do Ministro de Estado@IdOrgao=115683@Particao=1929
Representação no Estado do Rio de Janeiro@IdOrgao=115622@Particao=42670
Departamento Nacional de Produção Mineral@IdOrgao=1918@Particao=2852
Fundação Universidade Federal de Rondônia@IdOrgao=1209@Particao=244
Serviço Federal de Processamento de Dados@IdOrgao=90@Particao=1929
Superintendência da Zona Franca de Manaus@IdOrgao=166@Particao=3162
Conselho Nacional de Ciência e Tecnologia@IdOrgao=9@Particao=1988
Instituto Nacional de Pesquisas Espaciais@IdOrgao=10@Particao=1988
Universidade Federal do Triângulo Mineiro@IdOrgao=459@Particao=244
Universidade Federal do Rio Grande do Sul@IdOrgao=430@Particao=244
Fundação Universidade Federal do Maranhão@IdOrgao=467@Particao=244
Conselho Deliberativo da Política do Café@IdOrgao=20373@Particao=14
Secretaria Nacional de Articulação Social@IdOrgao=72582@Particao=42673
Consulado-Geral do Brasil em Buenos Aires@IdOrgao=26551@Particao=263
Conselho Gestor do Programa Bolsa Família@IdOrgao=76151@Particao=1945
Secretaria do Desenvolvimento da Produção@IdOrgao=3213@Particao=3162
Representação Regional - Tipo B - da Bahia@IdOrgao=2507@Particao=1926
Conselho de Recursos da Previdência Social@IdOrgao=2041@Particao=1930
Consulado-Geral do Brasil em São Francisco@IdOrgao=37009@Particao=263
Universidade Federal do Recôncavo da Bahia@IdOrgao=84710@Particao=244
Departamento de Polícia Rodoviária Federal@IdOrgao=704@Particao=316
Universidade Tecnológica Federal do Paraná@IdOrgao=454@Particao=244
Companhia de Pesquisa de Recursos Minerais@IdOrgao=227@Particao=2852
Laboratório Nacional Agropecuário em Goiás@IdOrgao=118266@Particao=14
Comissão Técnica Nacional de Biossegurança@IdOrgao=75168@Particao=1988
Laboratório Nacional Agropecuário em Belém@IdOrgao=72144@Particao=14
Agência Nacional de Transportes Terrestres@IdOrgao=54793@Particao=2846
Delegacia Regional no Estado de Pernambuco@IdOrgao=79718@Particao=3159
Representação Regional - Tipo B - do Norte@IdOrgao=77491@Particao=1926
Fundação Universidade Federal do Tocantins@IdOrgao=52702@Particao=244
Escritório de Representação em Minas Gerais@IdOrgao=77713@Particao=263
Escritório de Representação na Região Norte@IdOrgao=77714@Particao=263
Delegacia Regional no Estado do Mato Grosso@IdOrgao=79715@Particao=3159
Comissão de Estudos de História Diplomática@IdOrgao=76813@Particao=263
Agência Nacional de Transportes Aquaviários@IdOrgao=54843@Particao=92748
Secretaria Nacional de Políticas de Turismo@IdOrgao=73565@Particao=72084
Consulado-Geral do Brasil na Cidade do Cabo@IdOrgao=59060@Particao=263
Consulado do Brasil em Pedro Juan Caballero@IdOrgao=47539@Particao=263
Secretaria de Fomento e Incentivo à Cultura@IdOrgao=40127@Particao=1926
Comissão de Coordenação de Controle Interno@IdOrgao=44701@Particao=52303
Coordenação-Geral de Atendimento ao Cidadão@IdOrgao=120054@Particao=36670
Empresa Brasileira de Serviços Hospitalares@IdOrgao=117267@Particao=244
Conselho Administrativo de Defesa Econômica@IdOrgao=322@Particao=316
Instituto Nacional de Pesquisas da Amazônia@IdOrgao=11@Particao=1988
Empresa Brasileira de Pesquisa Agropecuária@IdOrgao=25@Particao=14
Empresa Brasileira de Correios e Telégrafos@IdOrgao=74@Particao=3159
Universidade Federal do Rio Grande do Norte@IdOrgao=417@Particao=244
Fundação Universidade Federal de São Carlos@IdOrgao=475@Particao=244
Fundação Universidade Federal do Rio Grande@IdOrgao=476@Particao=244
Fundação Universidade Federal de Ouro Preto@IdOrgao=473@Particao=244
Conselho Nacional de Políticas sobre Drogas@IdOrgao=954@Particao=316
Secretaria Nacional de Saneamento Ambiental@IdOrgao=74015@Particao=42672
Conselho Administrativo de Recursos Fiscais@IdOrgao=101068@Particao=1929
Secretaria de Políticas Públicas de Emprego@IdOrgao=2208@Particao=2844
Comitê de Avaliação de Créditos ao Exterior@IdOrgao=3172@Particao=1929
Laboratório Nacional Agropecuário em Recife@IdOrgao=72219@Particao=14
Consulado-Geral do Brasil em Ciudad Del Este@IdOrgao=36780@Particao=263
Empresa de Trens Urbanos de Porto Alegre S.A@IdOrgao=958@Particao=42672
Conselho de Articulação de Programas Sociais@IdOrgao=72559@Particao=1945
Laboratório Nacional Agropecuário em Goiânia @IdOrgao=72155@Particao=14
Conselho Nacional de Informática e Automação@IdOrgao=1407@Particao=1988
Fundação Universidade Federal de Mato Grosso@IdOrgao=471@Particao=244
Instituto Nacional da Propriedade Industrial@IdOrgao=382@Particao=3162
Universidade Federal Rural do Rio de Janeiro@IdOrgao=432@Particao=244
Autoridade Brasileira de Controle de Dopagem@IdOrgao=117165@Particao=36670
Representação no Estado do Rio Grande do Sul@IdOrgao=115624@Particao=42670
Comissão Nacional das Autoridades nos Portos @IdOrgao=121890@Particao=92748
Embaixada do Brasil em São Cristovão e Nevis@IdOrgao=101063@Particao=263
Subsecretaria de Desenvolvimento Sustentável@IdOrgao=96452@Particao=94285
Comitê Gestor de Atenção à Saúde do Servidor@IdOrgao=117813@Particao=2981
Conselho Nacional de Proteção e Defesa Civil@IdOrgao=50447@Particao=42670
Comissão Nacional do Projeto Brasil-Suriname@IdOrgao=75481@Particao=263
Conselho Nacional de Combate à Discriminação@IdOrgao=58490@Particao=1801
Delegacia Regional no Estado de Minas Gerais@IdOrgao=79716@Particao=3159
Secretaria de Políticas de Ações Afirmativas@IdOrgao=73236@Particao=73212
Instituto Nacional de Pesquisas Hidroviárias@IdOrgao=92751@Particao=92748
Conselho Diretor do Fundo da Marinha Mercante@IdOrgao=92769@Particao=2846
Comissão Nacional de Combate à Desertificação @IdOrgao=96438@Particao=1927
Escritório de Representação em Santa Catarina@IdOrgao=59096@Particao=263
Laboratório Nacional Agropecuário em Campinas@IdOrgao=72142@Particao=14
Representação Regional - Tipo A - do Nordeste@IdOrgao=77489@Particao=1926
Fundo Nacional de Desenvolvimento da Educação@IdOrgao=253@Particao=244
Laboratório Nacional de Computação Científica@IdOrgao=982@Particao=1988
VALEC-Engenharia, Construções e Ferrovias S/A @IdOrgao=1800@Particao=2846
Secretaria Nacional de Políticas Sobre Drogas@IdOrgao=33032@Particao=316
Escritório de Representação no Rio de Janeiro@IdOrgao=14565@Particao=263
Comissão Memória dos Presidentes da República@IdOrgao=3523@Particao=1949
Conselho Superior da Advocacia-Geral da União@IdOrgao=3623@Particao=46
Secretaria de Políticas de Previdência Social@IdOrgao=2210@Particao=1930
Conselho Nacional de Previdência Complementar@IdOrgao=2042@Particao=1930
Representação Regional - Tipo A - de São Paulo@IdOrgao=2506@Particao=1926
Secretaria de Política Nacional de Transportes@IdOrgao=74708@Particao=2846
Escritório de Representação na Região Nordeste@IdOrgao=14567@Particao=263
Conselho de Controle de Atividades Financeiras@IdOrgao=32061@Particao=1929
Assessoria Especial de Relações Internacionais@IdOrgao=35092@Particao=2852
Comissão Permanente de Catalogação de Material@IdOrgao=906@Particao=41066
Departamento Nacional de Obras Contra as Secas@IdOrgao=367@Particao=42670
Secretaria de Avaliação e Gestão da Informação@IdOrgao=77811@Particao=1945
Centrais de Abastecimento de Minas Gerais S.A.@IdOrgao=47838@Particao=14
Assessoria Especial de Assuntos Internacionais@IdOrgao=49141@Particao=36670
Instituto Nacional de Tecnologia da Informação@IdOrgao=47388@Particao=2837
Câmara de Regulação do Mercado de Medicamentos@IdOrgao=75804@Particao=1932
Delegacia Regional no Estado de Santa Catarina@IdOrgao=79719@Particao=3159
Delegacia Regional no Estado do Rio de Janeiro@IdOrgao=79720@Particao=3159
Câmara de Recursos da Previdência Complementar@IdOrgao=105921@Particao=1930
Comissão Permanente de Avaliação de Documentos@IdOrgao=108142@Particao=2846
Assessoria Especial para Modernização da Gestão@IdOrgao=120295@Particao=2981
Comissão Nacional de Autoridades Aeroportuárias@IdOrgao=120961@Particao=115257
Embaixada do Brasil em São Vicente e Granadinas@IdOrgao=101065@Particao=263
Secretaria de Gestão e Infraestrutura de Portos@IdOrgao=92753@Particao=92748
Superintendência do Desenvolvimento da Amazônia@IdOrgao=91138@Particao=42670
Superintendência do Desenvolvimento do Nordeste@IdOrgao=91144@Particao=42670
Secretaria de Pessoal, Ensino, Saúde e Desporto@IdOrgao=41109@Particao=41066
Laboratório Nacional Agropecuário em Pernambuco@IdOrgao=72285@Particao=14
Conselho Interministerial do Açúcar e do Álcool@IdOrgao=25375@Particao=14
Secretaria de Fomento para Ações de Transportes@IdOrgao=74710@Particao=2846
Câmara de Relações Exteriores e Defesa Nacional@IdOrgao=16478@Particao=1932
Câmara de Política de Desenvolvimento Econômico@IdOrgao=78218@Particao=1932
Escritório de Representação no Rio Grande do Sul@IdOrgao=14566@Particao=263
Secretaria de Serviços de Comunicação Eletrônica@IdOrgao=26868@Particao=3159
Secretaria de Gestão Estratégica e Participativa@IdOrgao=74932@Particao=304
Universidade Federal do Estado do Rio de Janeiro@IdOrgao=260@Particao=244
Conselho de Defesa dos Direitos da Pessoa Humana@IdOrgao=319@Particao=1801
Comissão Executiva do Plano da Lavoura Cacaueira@IdOrgao=18@Particao=14
Secretaria Nacional de Relações Político-Sociais@IdOrgao=72587@Particao=42673
Comissão Nacional de População e Desenvolvimento@IdOrgao=69350@Particao=2981
Fundação Universidade Federal da Grande Dourados@IdOrgao=84712@Particao=244
Centro de Tecnologia da Informação Renato Archer@IdOrgao=57952@Particao=1988
Comitê Técnico de Atendimento às Áreas Essenciais@IdOrgao=54794@Particao=27
Conselho Nacional de Promoção da Igualdade Racial@IdOrgao=73242@Particao=73212
Secretaria-Executiva da Comissão de Ética Pública@IdOrgao=71071@Particao=2837
Conselho Deliberativo do Fundo Soberano do Brasil@IdOrgao=107107@Particao=1929
Laboratório Nacional Agropecuário em Minas Gerais@IdOrgao=72157@Particao=14
Secretaria de Gestão dos Programas de Transportes@IdOrgao=74709@Particao=2846
Secretaria da Cidadania e da Diversidade Cultural@IdOrgao=102521@Particao=1926
Representação Regional - Tipo B - do Centro Oeste@IdOrgao=102544@Particao=1926
Secretaria de Planejamento e Ordenamento da Pesca@IdOrgao=104021@Particao=72083
Laboratório Nacional Agropecuário em Porto Alegre@IdOrgao=72153@Particao=14
Secretaria de Educação Profissional e Tecnológica@IdOrgao=1977@Particao=244
Fundação Universidade Federal de São João Del Rei@IdOrgao=1734@Particao=244
Controladoria Regional da União no Estado do Pará@IdOrgao=1375@Particao=52303
Fundação Escola Nacional de Administração Pública@IdOrgao=956@Particao=2981
Controladoria Regional da União no Estado do Acre@IdOrgao=1364@Particao=52303
Fundação Instituto de Pesquisa Econômica Aplicada@IdOrgao=7@Particao=94285
Secretaria Nacional de Esporte de Alto Rendimento@IdOrgao=74079@Particao=36670
Secretaria de Recursos Hídricos e Ambiente Urbano@IdOrgao=8838@Particao=1927
Comitê Gestor de Parceria Público-Privada Federal @IdOrgao=117812@Particao=2981
Representação Regional - Tipo B - de Minas Gerais@IdOrgao=12297@Particao=1926
Secretaria-Executiva do Conselho Nacional de Saúde@IdOrgao=3983@Particao=304
Secretaria de Logística e Tecnologia da Informação@IdOrgao=3495@Particao=2981
Empresa Brasileira de Infraestrutura Aeroportuária@IdOrgao=73@Particao=115257
Controladoria Regional da União no Estado da Bahia@IdOrgao=1367@Particao=52303
Controladoria Regional da União no Estado do Ceará@IdOrgao=1368@Particao=52303
Controladoria Regional da União no Estado de Goiás@IdOrgao=1370@Particao=52303
Controladoria Regional da União no Estado do Piauí@IdOrgao=1379@Particao=52303
Comitê de Acompanhamento e Monitoramento do PNDH-3@IdOrgao=105262@Particao=1801
Controladoria Regional da União no Estado do Amapá@IdOrgao=45939@Particao=52303
Comitê Gestor da Infraestrutura de Chaves Públicas@IdOrgao=56142@Particao=2837
Gabinete-Adjunto de Informações em Apoio à Decisão@IdOrgao=93912@Particao=1949
Conselho de Desenvolvimento do Agronegócio do Cacau@IdOrgao=57577@Particao=14
Empresa Brasileira de Hemoderivados e Biotecnologia@IdOrgao=83815@Particao=304
Secretaria de Fundos Regionais e Incentivos Fiscais@IdOrgao=115605@Particao=42670
Secretaria-Executiva da Câmara de Comércio Exterior@IdOrgao=46440@Particao=3162
Universidade Federal da Integração Latino-Americana@IdOrgao=105793@Particao=244
Secretaria de Política Regulatória de Aviação Civil@IdOrgao=115525@Particao=115257
Secretaria do Programa de Aceleração do Crescimento@IdOrgao=115408@Particao=2981
Secretaria de Articulação com os Sistemas de Ensino@IdOrgao=115735@Particao=244
Instituto Nacional de Colonização e Reforma Agrária@IdOrgao=1799@Particao=17125
Controladoria Regional da União no Estado do Paraná@IdOrgao=1378@Particao=52303
Conselho de Recursos do Sistema Financeiro Nacional@IdOrgao=1463@Particao=1929
Comissão Coordenadora da Criação do Cavalo Nacional @IdOrgao=87062@Particao=14
Fundação Universidade Federal de Mato Grosso do Sul@IdOrgao=827@Particao=244
Secretaria de Políticas de Previdência Complementar@IdOrgao=2858@Particao=1930
Superintendência de Desenvolvimento do Centro-Oeste@IdOrgao=100113@Particao=42670
Conselho Curador do Fundo de Desenvolvimento Social@IdOrgao=14463@Particao=42672
Laboratório Nacional Agropecuário em Pedro Leopoldo@IdOrgao=72217@Particao=14
Secretaria de Desenvolvimento Técnológico e Inovação@IdOrgao=75234@Particao=1988
Secretaria de Gestão da Política de Direitos Humanos@IdOrgao=74377@Particao=1801
Controladoria Regional da União no Estado de Sergipe@IdOrgao=9854@Particao=52303
Secretaria de Relações Internacionais do Agronegócio@IdOrgao=81088@Particao=14
Banco Nacional de Desenvolvimento Econômico e Social@IdOrgao=2@Particao=3162
Controladoria Regional da União no Estado da Paraíba@IdOrgao=1376@Particao=52303
Controladoria Regional da União no Estado de Alagoas@IdOrgao=1365@Particao=52303
Comissão Nacional de Erradicação do Trabalho Escravo@IdOrgao=104359@Particao=1801
Escola da Advocacia-Geral da União Victor Nunes Leal@IdOrgao=50934@Particao=46
Controladoria Regional da União no Estado de Roraima@IdOrgao=45940@Particao=52303
Comissão de Acompanhamento da Implementação do PRCPA@IdOrgao=45076@Particao=2837
Missão do Brasil junto às Nações Unidas em Nova York@IdOrgao=39703@Particao=263
Consulado-Geral do Brasil em Santa Cruz de La Sierra@IdOrgao=58468@Particao=263
Secretaria de Políticas para Comunidades Tradicionais@IdOrgao=73237@Particao=73212
Secretaria de Acompanhamento e Estudos Institucionais@IdOrgao=40322@Particao=27
Agência Brasileira Gestora de Fundos e Garantias S.A.@IdOrgao=118698@Particao=1929
Superintendência Nacional de Previdência Complementar@IdOrgao=105915@Particao=1930
Comitê Gestor do Programa de Inclusão Digital - CGPID@IdOrgao=109012@Particao=2837
Controladoria Regional da União no Estado do Amazonas@IdOrgao=1366@Particao=52303
Controladoria Regional da União no Estado do Maranhão@IdOrgao=1371@Particao=52303
Controladoria Regional da União no Estado de Rondônia@IdOrgao=9851@Particao=52303
Comissão Permanente de Interação de Estudos Militares @IdOrgao=77073@Particao=41066
Secretaria de Relações de Trabalho no Serviço Público@IdOrgao=117788@Particao=2981
Delegação Permanente do Brasil junto à UNESCO em Paris@IdOrgao=29241@Particao=263
Conselho Gestor do Fundo Nacional de Segurança Pública@IdOrgao=90863@Particao=316
Controladoria Regional da União no Estado de São Paulo@IdOrgao=9853@Particao=52303
Instituto do Patrimônio Histórico e Artístico Nacional@IdOrgao=2045@Particao=1926
Conselho Nacional de Política Criminal e Penitenciária@IdOrgao=320@Particao=316
Comissão de Estudo da Lei de Remuneração dos Militares@IdOrgao=487@Particao=41066
Centro Federal de Educação Tecnológica de Minas Gerais@IdOrgao=445@Particao=244
Comitê Nacional de Enfrentamento ao Tráfico de Pessoas@IdOrgao=121734@Particao=316
Departamento de Ouvidoria Nacional de Direitos Humanos@IdOrgao=104328@Particao=1801
Centro Nacional de Tecnologia Eletrônica Avançada S. A@IdOrgao=98519@Particao=1988
Representação Permanente do Brasil junto à FAO em Roma@IdOrgao=72518@Particao=263
Controladoria Regional da União no Estado de Tocantins@IdOrgao=45941@Particao=52303
Conselho Nacional do Desenvolvimento Rural Sustentável@IdOrgao=44396@Particao=17125
Fundação Universidade Federal do Vale do São Francisco@IdOrgao=69624@Particao=244
Secretaria de Planejamento e Desenvolvimento Portuário@IdOrgao=92752@Particao=92748
Conselho Nacional de Controle de Experimentação Animal@IdOrgao=103225@Particao=1988
Departamento Nacional de Infraestrutura de Transportes@IdOrgao=54844@Particao=2846
Consulado-Geral do Brasil em Saint Georges de I Oyapock@IdOrgao=109503@Particao=263
Secretaria de Mudanças Climáticas e Qualidade Ambiental@IdOrgao=38336@Particao=1927
Companhia de Armazéns e Silos do Estado de Minas Gerais@IdOrgao=47839@Particao=14
Delegacia Federal de Desenvolvimento Agrário de Sergipe@IdOrgao=77452@Particao=17125
Instituto Chico Mendes de Conservação da Biodiversidade@IdOrgao=91842@Particao=1927
Conselho Interministerial para Projetos Transformadores  @IdOrgao=121658@Particao=3162
Superintendência Federal de Pesca e Aquicultura no Pará@IdOrgao=104151@Particao=72083
Superintendência Federal de Pesca e Aquicultura no Acre@IdOrgao=104163@Particao=72083
Secretaria de Planejamento e Ordenamento da Aquicultura@IdOrgao=103994@Particao=72083
Escritório de Representação no Estado do Rio de Janeiro@IdOrgao=115586@Particao=115257
Controladoria Regional da União no Estado de Pernambuco@IdOrgao=1377@Particao=52303
Secretaria de Planejamento e Desenvolvimento Energético@IdOrgao=1917@Particao=2852
Secretaria de Planejamento e Investimentos Estratégicos@IdOrgao=2033@Particao=2981
Conselho Deliberativo do Fundo de Amparo ao Trabalhador@IdOrgao=2761@Particao=2844
Superintendência Regional do Trabalho e Emprego no Pará@IdOrgao=3450@Particao=2844
Superintendência Regional do Trabalho e Emprego no Acre@IdOrgao=3481@Particao=2844
Secretaria de Gestão do Trabalho e da Educação na Saúde@IdOrgao=23666@Particao=304
Companhia de Entrepostos e Armazéns Gerais de São Paulo @IdOrgao=29415@Particao=14
Secretaria de Ciência e Tecnologia para Inclusão Social@IdOrgao=75229@Particao=1988
Conselho de Transparência Pública e Combate à Corrupção@IdOrgao=74902@Particao=52303
Secretaria Nacional de Transporte e da Mobilidade Urbana@IdOrgao=74019@Particao=42672
Superintendência Regional do Trabalho e Emprego no Amapá@IdOrgao=3492@Particao=2844
Conselho Deliberativo do Desenvolvimento do Centro-Oeste@IdOrgao=3498@Particao=42670
Superintendência Regional do Trabalho e Emprego em Goiás@IdOrgao=3434@Particao=2844
Superintendência Regional do Trabalho e Emprego no Ceará@IdOrgao=2876@Particao=2844
Superintendência Regional do Trabalho e Emprego no Piauí@IdOrgao=2946@Particao=2844
Superintendência Regional do Trabalho e Emprego na Bahia@IdOrgao=2947@Particao=2844
Conselho Deliberativo do Fundo Nacional do Meio Ambiente@IdOrgao=1992@Particao=1927
Instituto de Pesquisas Jardim Botânico do Rio de Janeiro@IdOrgao=1913@Particao=1927
Controladoria Regional da União no Estado do Mato Grosso@IdOrgao=1374@Particao=52303
Comissão Assessora de Ciência e Tecnologia para a Defesa@IdOrgao=1414@Particao=41066
Universidade Federal dos Vales do Jequitinhonha e Mucuri@IdOrgao=460@Particao=244
Instituto Nacional de Metrologia, Qualidade e Tecnologia@IdOrgao=240@Particao=3162
Fundação Instituto Brasileiro de Geografia e Estatística@IdOrgao=3@Particao=2981
Superintendência Federal de Pesca e Aquicultura na Bahia@IdOrgao=104195@Particao=72083
Superintendência Federal de Pesca e Aquicultura no Ceará@IdOrgao=104215@Particao=72083
Superintendência Federal de Pesca e Aquicultura no Piauí@IdOrgao=104227@Particao=72083
Comissão Especial sobre Mortos e Desaparecidos Políticos@IdOrgao=104323@Particao=1801
Superintendência Federal de Pesca e Aquicultura no Amapá@IdOrgao=104171@Particao=72083
Superintendência Federal de Pesca e Aquicultura em Goiás@IdOrgao=104175@Particao=72083
Secretaria Nacional de Segurança Alimentar e Nutricional@IdOrgao=77782@Particao=1945
Conselho Nacional dos Direitos da Pessoa com Deficiência@IdOrgao=41036@Particao=1801
Conselho Deliberativo do Sistema de Proteção da Amazônia@IdOrgao=43072@Particao=2837
Secretaria de Ciência, Tecnologia e Insumos Estratégicos@IdOrgao=74931@Particao=304
Secretaria de Geologia, Mineração e Transformação Mineral@IdOrgao=80058@Particao=2852
Comitê Gestor dos Jogos Olímpicos e Paraolímpicos de 2016@IdOrgao=120391@Particao=36670
Secretaria Nacional de Acessibilidade e Programas Urbanos@IdOrgao=74024@Particao=42672
Superintendência Federal de Pesca e Aquicultura no Paraná@IdOrgao=104130@Particao=72083
Secretaria de Regulação e Supervisão da Educação Superior@IdOrgao=115734@Particao=244
Empresa de Tecnologia e Informações da Previdência Social@IdOrgao=303@Particao=1930
Comissão de Estudos de Alimentação para as Forças Armadas@IdOrgao=488@Particao=41066
Controladoria Regional da União no Estado de Minas Gerais@IdOrgao=1372@Particao=52303
Superintendência Regional do Trabalho e Emprego no Paraná@IdOrgao=2938@Particao=2844
Conselho Curador do Fundo de Garantia do Tempo de Serviço@IdOrgao=2259@Particao=2844
Secretaria de Articulação Institucional e Ações Temáticas@IdOrgao=73485@Particao=68487
Conselho Nacional dos Direitos da Criança e do Adolescente@IdOrgao=3319@Particao=1801
Superintendência Regional do Trabalho e Emprego na Paraíba@IdOrgao=3496@Particao=2844
Superintendência Regional do Trabalho e Emprego em Roraima@IdOrgao=3501@Particao=2844
Superintendência Regional do Trabalho e Emprego em Sergipe@IdOrgao=3502@Particao=2844
Superintendência Regional do Trabalho e Emprego em Alagoas@IdOrgao=3482@Particao=2844
Instituto Brasileiro de Informação em Ciência e Tecnologia@IdOrgao=12@Particao=1988
Superintendência Federal de Pesca e Aquicultura em Sergipe@IdOrgao=104219@Particao=72083
Superintendência Federal de Pesca e Aquicultura no Alagoas@IdOrgao=104191@Particao=72083
Secretaria de Enfrentamento à Violência Contra as Mulheres@IdOrgao=105908@Particao=68487
Superintendência Federal de Pesca e Aquicultura na Paraíba@IdOrgao=104211@Particao=72083
Superintendência Federal de Pesca e Aquicultura em Roraima@IdOrgao=104159@Particao=72083
Instituto Federal de Educação, Ciência e Tecnologia Goiano@IdOrgao=100913@Particao=244
Instituto Federal de Educação, Ciência e Tecnologia Baiano@IdOrgao=100920@Particao=244
Representação Brasileira na Junta Interamericana de Defesa@IdOrgao=41930@Particao=41066
Comitê Para o Desenvolvimento Integral da Primeira Infância@IdOrgao=51124@Particao=2837
Instituto Federal de Educação, Ciência e Tecnologia do Acre@IdOrgao=94427@Particao=244
Secretaria Extraordinária para Superação da Extrema Pobreza@IdOrgao=77868@Particao=1945
Instituto Federal de Educação, Ciência e Tecnologia do Pará@IdOrgao=100917@Particao=244
Conselho Interministerial de Estoques Públicos de Alimentos@IdOrgao=121596@Particao=14
Superintendência Federal de Pesca e Aquicultura no Amazonas@IdOrgao=104167@Particao=72083
Superintendência Federal de Pesca e Aquicultura no Maranhão@IdOrgao=104183@Particao=72083
Superintendência Federal de Pesca e Aquicultura em Rondônia@IdOrgao=104155@Particao=72083
Grupo de Articulação e Integração do Gerenciamento Costeiro@IdOrgao=108320@Particao=1927
Secretaria Extraordinária de Segurança para Grandes Eventos@IdOrgao=116389@Particao=316
Coordenação de Aperfeiçoamento de Pessoal de Nível Superior@IdOrgao=250@Particao=244
Controladoria Regional da União no Estado do Espírito Santo@IdOrgao=1369@Particao=52303
Assessoria Especial de Assuntos Federativos e Parlamentares@IdOrgao=1740@Particao=263
Superintendência Regional do Trabalho e Emprego no Amazonas@IdOrgao=3483@Particao=2844
Superintendência Regional do Trabalho e Emprego no Maranhão@IdOrgao=3493@Particao=2844
Superintendência Regional do Trabalho e Emprego em Rondônia@IdOrgao=3499@Particao=2844
Secretaria de Desenvolvimento Agropecuário e Cooperativismo@IdOrgao=3520@Particao=14
Agência Nacional do Petróleo, Gás Natural e Biocombustíveis@IdOrgao=25281@Particao=2852
Controladoria Regional da União no Estado de Santa Catarina@IdOrgao=9852@Particao=52303
Controladoria Regional da União no Estado do Rio de Janeiro@IdOrgao=9848@Particao=52303
Superintendência Regional do Trabalho e Emprego em São Paulo@IdOrgao=3480@Particao=2844
Superintendência Regional do Trabalho e Emprego em Tocantins@IdOrgao=3503@Particao=2844
Secretaria do Conselho de Desenvolvimento Econômico e Social@IdOrgao=72082@Particao=94285
Instituto Federal de Educação, Ciência e Tecnologia de Goiás@IdOrgao=451@Particao=244
Instituto Federal de Educação, Ciência e Tecnologia da Bahia@IdOrgao=444@Particao=244
Instituto Federal de Educação, Ciência e Tecnologia do Piauí@IdOrgao=434@Particao=244
Comitê de Coordenação dos Programas do Ministério da Justiça@IdOrgao=108328@Particao=316
Comitê Gestor de Segurança Pública e Assuntos Penitenciários @IdOrgao=108430@Particao=316
Superintendência Federal de Pesca e Aquicultura em Tocantins@IdOrgao=104179@Particao=72083
Superintendência Federal de Pesca e Aquicultura em São Paulo@IdOrgao=104147@Particao=72083
Instituto Federal de Educação, Ciência e Tecnologia do Ceará@IdOrgao=100911@Particao=244
Instituto Federal de Educação, Ciência e Tecnologia do Amapá@IdOrgao=94428@Particao=244
Delegacia Federal de Desenvolvimento Agrário no Estado Amapá@IdOrgao=77440@Particao=17125
Instituto Federal de Educação, Ciência e Tecnologia do Paraná@IdOrgao=49103@Particao=244
Secretaria de Petróleo, Gás Natural e Combustíveis Renováveis@IdOrgao=80045@Particao=2852
Secretaria de Articulação Institucional e Cidadania Ambiental@IdOrgao=92934@Particao=1927
Secretaria de Monitoramento e Controle da Pesca e Aquicultura@IdOrgao=104048@Particao=72083
Secretaria de Infraestrutura e Fomento da Pesca e Aquicultura@IdOrgao=104085@Particao=72083
Superintendência Federal de Pesca e Aquicultura em Pernambuco@IdOrgao=104207@Particao=72083
Conselho Nacional de Desenvolvimento Científico e Tecnológico@IdOrgao=8@Particao=1988
Superintendência Regional do Trabalho e Emprego em Pernambuco@IdOrgao=3458@Particao=2844
Secretaria Nacional de Promoção e Defesa dos Direitos Humanos@IdOrgao=74378@Particao=1801
Instituto Federal de Educação, Ciência e Tecnologia Fluminense@IdOrgao=100931@Particao=244
Secretaria Nacional de Programas de Desenvolvimento do Turismo@IdOrgao=73570@Particao=72084
Instituto Federal de Educação, Ciência e Tecnologia de Alagoas@IdOrgao=100900@Particao=244
Controladoria Regional da União no Estado do Rio Grande do Sul@IdOrgao=9850@Particao=52303
Superintendência Regional do Trabalho e Emprego em Mato Grosso@IdOrgao=2877@Particao=2844
Instituto Federal de Educação, Ciência e Tecnologia de Roraima@IdOrgao=3561@Particao=244
Superintendência Federal de Pesca e Aquicultura em Mato Grosso@IdOrgao=104223@Particao=72083
Secretaria de Extrativismo e Desenvolvimento Rural Sustentável@IdOrgao=92930@Particao=1927
Comitê Gestor do Imposto sobre a Propriedade Territorial Rural @IdOrgao=102040@Particao=1929
Instituto Federal de Educação, Ciência e Tecnologia de Sergipe@IdOrgao=100909@Particao=244
Centro Gestor e Operacional do Sistema de Proteção da Amazônia@IdOrgao=44072@Particao=41066
Instituto Federal de Educação, Ciência e Tecnologia da Paraíba@IdOrgao=100905@Particao=244
Delegacia Federal de Desenvolvimento Agrário no Estado do Pará@IdOrgao=77435@Particao=17125
Delegacia Federal de Desenvolvimento Agrário no Estado do Acre@IdOrgao=77439@Particao=17125
Delegacia Federal de Desenvolvimento Agrário no Estado do Piauí@IdOrgao=77444@Particao=17125
Delegacia Federal de Desenvolvimento Agrário no Estado da Bahia @IdOrgao=77429@Particao=17125
Delegacia Federal de Desenvolvimento Agrário no Estado do Ceará @IdOrgao=77431@Particao=17125
Comitê Permanente do Fundo de Terras e do Reordenamento Agrário@IdOrgao=110100@Particao=17125
Delegacia Federal de Desenvolvimento Agrário no Estado do Goiás@IdOrgao=77451@Particao=17125
Instituto Federal de Educação, Ciência e Tecnologia Farroupilha@IdOrgao=100906@Particao=244
Instituto Federal de Educação, Ciência e Tecnologia de Rondônia@IdOrgao=100907@Particao=244
Secretaria de Prevenção da Corrupção e Informações Estratégicas@IdOrgao=88772@Particao=52303
Instituto Federal de Educação, Ciência e Tecnologia do Amazonas@IdOrgao=100910@Particao=244
Instituto Federal de Educação, Ciência e Tecnologia do Maranhão@IdOrgao=100921@Particao=244
Instituto Federal de Educação, Ciência e Tecnologia Catarinense@IdOrgao=100919@Particao=244
Superintendência Federal de Pesca e Aquicultura em Minas Gerais@IdOrgao=104231@Particao=72083
Superintendência Regional do Trabalho e Emprego em Minas Gerais@IdOrgao=3460@Particao=2844
Conselho Federal Gestor do Fundo de Defesa dos Direitos Difusos@IdOrgao=8156@Particao=316
Instituto Federal de Educação, Ciência e Tecnologia de Brasília@IdOrgao=94430@Particao=244
Comissão Nacional Permanente do Tratado de Cooperação Amazônica@IdOrgao=72520@Particao=263
Comitê Interministerial da Inclusão Social de Catadores de Lixo@IdOrgao=76136@Particao=42672
Controladoria Regional da União no Estado do Mato Grosso do Sul@IdOrgao=1373@Particao=52303
Centro Federal de Educação Tecnológica ´Celso Suckow da Fonseca´@IdOrgao=448@Particao=244
Instituto Federal de Educação, Ciência e Tecnologia de São Paulo@IdOrgao=453@Particao=244
Controladoria Regional da União no Estado do Rio Grande do Norte@IdOrgao=9849@Particao=52303
Secretaria Nacional de Futebol e Defesa dos Direitos do Torcedor@IdOrgao=116538@Particao=36670
Instituto Federal de Educação, Ciência e Tecnologia do Tocantins@IdOrgao=100908@Particao=244
Comissão de Gestão da Informática e Sistematização da Informação@IdOrgao=76812@Particao=263
Secretaria de Coordenação e Acompanhamento de Assuntos Militares@IdOrgao=77716@Particao=27
Delegacia Federal de Desenvolvimento Agrário no Distrito Federal@IdOrgao=77430@Particao=17125
Delegacia Federal de Desenvolvimento Agrário no Estado do Paraná@IdOrgao=77436@Particao=17125
Delegacia Federal de Desenvolvimento Agrário no Estado do Alagoas           @IdOrgao=77442@Particao=17125
Delegacia Federal de Desenvolvimento Agrário no Estado da Paraíba@IdOrgao=77445@Particao=17125
Delegacia Federal de Desenvolvimento Agrário no Estado de Roraima@IdOrgao=77450@Particao=17125
Comissão Nacional de Alfabetização e Educação de Jovens e Adultos@IdOrgao=75909@Particao=244
Instituto Federal de Educação, Ciência e Tecnologia de Pernambuco@IdOrgao=100922@Particao=244
Superintendência Federal de Pesca e Aquicultura no Rio de Janeiro@IdOrgao=104139@Particao=72083
Superintendência Federal de Pesca e Aquicultura no Espírito Santo@IdOrgao=104143@Particao=72083
Secretaria Nacional de Esporte, Educação, Lazer e Inclusão Social@IdOrgao=116516@Particao=36670
Superintendência Federal de Pesca e Aquicultura em Santa Catarina@IdOrgao=104199@Particao=72083
Comitê Gestor dos Parques Aquicolas do Açude Público Padre Cícero@IdOrgao=108086@Particao=72083
Superintendência Regional do Trabalho e Emprego no Rio de Janeiro@IdOrgao=3478@Particao=2844
Subchefia de Análise e Acompanhamento de Políticas Governamentais@IdOrgao=3152@Particao=2837
Superintendência Regional do Trabalho e Emprego em Santa Catarina@IdOrgao=3459@Particao=2844
Superintendência Regional do Trabalho e Emprego no Espírito Santo@IdOrgao=2875@Particao=2844
Secretaria de Políticas e Programas de Pesquisa e Desenvolvimento@IdOrgao=2055@Particao=1988
Conselho Nacional das Zonas de Processamento de Exportação - CZPE@IdOrgao=1781@Particao=3162
Fundação Universidade Federal de Ciências da Saúde de Porto Alegre@IdOrgao=970@Particao=244
Agência Brasileira Gestora de Fundos Garantidores e Garantias S.A.@IdOrgao=121822@Particao=1929
Instituto Federal de Educação, Ciência e Tecnologia do Mato Grosso@IdOrgao=100916@Particao=244
Delegacia Federal de Desenvolvimento Agrário no Estado de Rondônia@IdOrgao=77449@Particao=17125
Delegacia Federal de Desenvolvimento Agrário no Estado do Maranhão@IdOrgao=77446@Particao=17125
Delegacia Federal de Desenvolvimento Agrário no Estado do Amazonas @IdOrgao=77441@Particao=17125
Delegação do Brasil junto à OMC e a outras Organizações Econômicas@IdOrgao=97682@Particao=263
Conselho Gestor do Fundo Nacional de Habitação de Interesse Social@IdOrgao=89595@Particao=42672
Missão do Brasil Junto à Comunidade dos Países de Lingua Portuguesa @IdOrgao=88555@Particao=263
Delegacia Federal de Desenvolvimento Agrário no Estado de São Paulo@IdOrgao=77432@Particao=17125
Delegacia Federal de Desenvolvimento Agrário do Estado de Tocantins@IdOrgao=77453@Particao=17125
Delegacia Federal de Desenvolvimento Agrário do Rio Grande do Norte@IdOrgao=77454@Particao=17125
Instituto Federal de Educação, Ciência e Tecnologia de Minas Gerais@IdOrgao=100914@Particao=244
Superintendência Federal de Pesca e Aquicultura no Distrito Federal@IdOrgao=104134@Particao=72083
Superintendência Regional do Trabalho e Emprego no Distrito Federal@IdOrgao=3504@Particao=2844
Superintendência Regional do Trabalho e Emprego no Rio Grande do Sul@IdOrgao=3479@Particao=2844
Representação Regional - Tipo A - do Rio de Janeiro e Espírito Santo@IdOrgao=2509@Particao=1926
Superintendência Federal de Pesca e Aquicultura no Rio Grande do Sul@IdOrgao=104203@Particao=72083
Delegacia Federal de Desenvolvimento Agrário no Estado de Pernambuco@IdOrgao=77437@Particao=17125
Delegacia Federal de Desenvolvimento Agrário no Estado do Mato Grosso@IdOrgao=77434@Particao=17125
Delegação Permanente do Brasil junto à Aladi e Mercosul em Montevidéu@IdOrgao=49699@Particao=263
Comissão Interministerial de Controle de Exportação de Bens Sensíveis@IdOrgao=107970@Particao=1988
Universidade da Integração Internacional da Lusofonia Afro-Brasileira@IdOrgao=109912@Particao=244
Comitê de Implementação do Programa Nacional de Segurança do Paciente @IdOrgao=121888@Particao=304
Superintendência Federal de Pesca e Aquicultura em Mato Grosso do Sul@IdOrgao=104126@Particao=72083
Instituto Federal de Educação, Ciência e Tecnologia do Espírito Santo@IdOrgao=100912@Particao=244
Superintendência Regional do Trabalho e Emprego em Mato Grosso do Sul@IdOrgao=3494@Particao=2844
Câmara de Políticas de Integração Nacional e Desenvolvimento Regional @IdOrgao=6573@Particao=1932
Instituto Federal de Educação, Ciência e Tecnologia do Rio de Janeiro@IdOrgao=100930@Particao=244
Instituto Federal de Educação, Ciência e Tecnologia de Santa Catarina@IdOrgao=455@Particao=244
Companhia de Desenvolvimento dos Vales do São Francisco e do Parnaíba@IdOrgao=169@Particao=42670
Fundação Jorge Duprat Figueiredo, de Segurança e Medicina do Trabalho@IdOrgao=221@Particao=2844
Instituto Nacional de Estudos e Pesquisas Educacionais Anísio Teixeira@IdOrgao=249@Particao=244
Instituto Federal de Educação, Ciência e Tecnologia  Sul-Rio-Grandense@IdOrgao=456@Particao=244
Superintendência Regional do Trabalho e Emprego no Rio Grande do Norte@IdOrgao=3497@Particao=2844
Departamento de Divulgação e Promoção da Temática dos Direitos Humanos@IdOrgao=104324@Particao=1801
Secretaria Nacional de Promoção dos Direitos da Pessoa com Deficiência@IdOrgao=104340@Particao=1801
Superintendência Federal de Pesca e Aquicultura no Rio Grande do Norte@IdOrgao=104187@Particao=72083
Comitê de Integração das Políticas de Planejamento, Orçamento e Gestão@IdOrgao=117805@Particao=2981
Delegacia Federal de Desenvolvimento Agrário no Estado de Minas Gerais@IdOrgao=77433@Particao=17125
Comitê Nacional de Mobilização pela Saúde, Segurança e Paz no Trânsito@IdOrgao=95220@Particao=42672
Secretaria Extraordinária de Regularização Fundiária na Amazônia Legal@IdOrgao=109977@Particao=17125
Grupo Executivo para Recuperação Econômica do Estado do Espírito Santo@IdOrgao=52033@Particao=42670
Secretaria de Avaliação de Políticas e Autonomia Econômica das Mulheres@IdOrgao=73475@Particao=68487
Instituto Federal de Educação, Ciência e Tecnologia do Triângulo Mineiro@IdOrgao=100903@Particao=244
Instituto Brasileiro do Meio Ambiente e dos Recursos Naturais Renováveis@IdOrgao=1812@Particao=1927
Comitê Gestor Interministerial da Subvenção ao Prêmio do Seguro-Garantia @IdOrgao=78067@Particao=2846
Secretaria de Educação Continuada, Alfabetização, Diversidade e Inclusão@IdOrgao=75510@Particao=244
Secretaria Nacional de Promoção dos Direitos da Criança e do Adolescente@IdOrgao=74380@Particao=1801
Delegacia Federal de Desenvolvimento Agrário no Estado do Espirito Santo@IdOrgao=77443@Particao=17125
Delegacia Federal de Desenvolvimento Agrário no Estado do Rio de Janeiro@IdOrgao=77448@Particao=17125
Delegacia Federal de Desenvolvimento Agrário no Estado de Santa Catarina@IdOrgao=77455@Particao=17125
Instituto Federal de Educação, Ciência e Tecnologia do Rio Grande do Sul@IdOrgao=100918@Particao=244
Instituto Federal de Educação, Ciência e Tecnologia do Mato Grosso do Sul@IdOrgao=100904@Particao=244
Missão do Brasil junto à Organização dos Estados Americanos em Washington@IdOrgao=70700@Particao=263
Instituto Federal de Educação, Ciência e Tecnologia do Sertão Pernambucano@IdOrgao=46784@Particao=244
Instituto Federal de Educação, Ciência e Tecnologia do Sul de Minas Gerais@IdOrgao=100915@Particao=244
Instituto Federal de Educação, Ciência e Tecnologia do Rio Grande do Norte@IdOrgao=439@Particao=244
Comissão Permanente para Licitação Internacional de Produtos Farmacêuticos@IdOrgao=3596@Particao=41066
Delegacia Federal de Desenvolvimento Agrário no Estado do Rio Grande do Sul@IdOrgao=77438@Particao=17125
Delegacia Federal de Desenvolvimento Agrário no Estado do Mato Grosso do Sul@IdOrgao=77447@Particao=17125
Seção Nacional Brasileira do Instituto Pan-Americano de Geografia e História@IdOrgao=72519@Particao=263
Instituto Federal de Educação, Ciência e Tecnologia do Norte de Minas Gerais@IdOrgao=100901@Particao=244
Comissão Permanente dos Serviços de Saúde da Marinha, Exército e Aeronáutica@IdOrgao=489@Particao=41066
Instituto Federal de Educação, Ciência e Tecnologia do Sudeste de Minas Gerais@IdOrgao=100902@Particao=244
Conselho Diretor do Fundo Nacional de Desenvolvimento Científico e Tecnológico@IdOrgao=94467@Particao=1988
Comitê de Coordenação Gerencial das Instituições Financeiras Públicas Federais@IdOrgao=71665@Particao=1929
Comissão Permanente para o Desenvolvimento e a Integração da Faixa de Fronteira@IdOrgao=110676@Particao=42670
Conselho Nacional de Metrologia, Normalização e Qualidade Industrial - CONMETRO@IdOrgao=230@Particao=3162
Comitê de Gestão das Carreiras do Ministério do Planejamento, Orçamento e Gestão@IdOrgao=117804@Particao=2981
Conselho Administrativo da Região Integrada de Desenvolvimento da Grande Teresina@IdOrgao=89754@Particao=42670
Delegação Permanente do Brasil junto à Organizaçõa de Aviação Civil Internacional@IdOrgao=97683@Particao=263
Comissão de Coordenação das Atividades de Meteorologia, Climatologia e Hidrologia@IdOrgao=36686@Particao=1988
Coordenação Tripartite da Política Nacional de Enfrentamento ao Tráfico de Pessoas @IdOrgao=121733@Particao=316
Conselho de Participação em Fundos Garantidores de Operações de Comércio Exteriror@IdOrgao=118707@Particao=1929
Secretaria-Executiva do Conselho Nacional das Zonas de Processamento de Exportação@IdOrgao=103292@Particao=3162
Fundação de Previdência Complementar do Servidor Público Federal do Poder Executivo@IdOrgao=120397@Particao=2981
Conselho Nacional de Combate à Pirataria e Delitos contra a Propriedade Intelectual@IdOrgao=79693@Particao=316
Superintendência Federal de Agricultura, Pecuária e Abastecimento no Estado do Pará@IdOrgao=2795@Particao=14
Superintendência Federal de Agricultura, Pecuária e Abastecimento no Estado do Acre@IdOrgao=2798@Particao=14
Superintendência Federal de Agricultura, Pecuária e Abastecimento no Estado do Amapá@IdOrgao=2799@Particao=14
Superintendência Federal de Agricultura, Pecuária e Abastecimento no Estado da Bahia@IdOrgao=2788@Particao=14
Superintendência Federal de Agricultura, Pecuária e Abastecimento no Estado do Ceará@IdOrgao=2789@Particao=14
Superintendência Federal de Agricultura, Pecuária e Abastecimento no Estado do Piauí@IdOrgao=2803@Particao=14
Superintendência Federal de Agricultura, Pecuária e Abastecimento no Estado de Goiás@IdOrgao=2791@Particao=14
Secretaria de Planejamento e Formulação de Políticas de Promoção da Igualdade Racial@IdOrgao=73235@Particao=73212
Comitê Gestor de Acompanhamento de Compromissos Relativos à Integração Sul-americana@IdOrgao=95203@Particao=263
Conselho Consultivo e de Acompanhamento do Fundo de Combate e Erradicação da Pobreza@IdOrgao=77871@Particao=1945
Superintendência Federal de Agricultura, Pecuária e Abastecimento no Estado do Paraná@IdOrgao=2776@Particao=14
Superintendência Federal de Agricultura, Pecuária e Abastecimento no Distrito Federal@IdOrgao=2802@Particao=14
Superintendência Federal de Agricultura, Pecuária e Abastecimento no Estado de Alagoas@IdOrgao=2787@Particao=14
Superintendência Federal de Agricultura, Pecuária e Abastecimento no Estado da Paraíba@IdOrgao=2796@Particao=14
Superintendência Federal de Agricultura, Pecuária e Abastecimento no Estado de Roraima@IdOrgao=2816@Particao=14
Superintendência Federal de Agricultura, Pecuária e Abastecimento no Estado de Sergipe@IdOrgao=2817@Particao=14
Assessoria Especial de Acompanhamento de Políticas, Estratégias e Desempenho Setoriais@IdOrgao=120308@Particao=2852
Superintendência Federal de Agricultura, Pecuária e Abastecimento no Estado de Rondônia@IdOrgao=2813@Particao=14
Superintendência Federal de Agricultura, Pecuária e Abastecimento no Estado do Amazonas@IdOrgao=2800@Particao=14
Superintendência Federal de Agricultura, Pecuária e Abastecimento no Estado do Maranhão@IdOrgao=2792@Particao=14
Superintendência Federal de Agricultura, Pecuária e Abastecimento no Estado de São Paulo@IdOrgao=2783@Particao=14
Superintendência Federal de Agricultura, Pecuária e Abastecimento no Estado de Tocantins@IdOrgao=2818@Particao=14
Empresa Brasileira de Administração de Petróleo e Gás Natural S.A.- Pré-Sal Petróleo S.A@IdOrgao=109913@Particao=2852
Superintendência Federal de Agricultura, Pecuária e Abastecimento no Estado de Pernambuco@IdOrgao=2797@Particao=14
Superintendência Federal de Agricultura, Pecuária e Abastecimento no Estado do Mato Grosso@IdOrgao=2793@Particao=14
Seção Nacional de Coordenação dos Assuntos Relativos à Área de Livre Comércio das Américas@IdOrgao=24393@Particao=263
Superintendência Federal de Agricultura, Pecuária e Abastecimento no Estado de Minas Gerais@IdOrgao=2773@Particao=14
Conselho Administrativo da Região Integrada de Desenvolvimento do Pólo Petrolina e Juazeiro@IdOrgao=89755@Particao=42670
Delegação Permanente do Brasil junto à ONU, OMC e demais Organismos Internacionais em Genebra@IdOrgao=39702@Particao=263
Comissão Nacional para Difusão e Implementação do Direito Internacional Humanitário no Brasil@IdOrgao=96041@Particao=263
Superintendência Federal de Agricultura, Pecuária e Abastecimento no Estado do Rio de Janeiro@IdOrgao=2780@Particao=14
Superintendência Federal de Agricultura, Pecuária e Abastecimento no Estado de Santa Catarina@IdOrgao=2781@Particao=14
Superintendência Federal de Agricultura, Pecuária e Abastecimento no Estado do Espírito Santo@IdOrgao=2790@Particao=14
Superintendência Federal de Agricultura, Pecuária e Abastecimento no Estado do Rio Grande do Sul@IdOrgao=2779@Particao=14
Comissão de Desenvolvimento do Projeto e da Implantação do Sistema Militar de Comando e Controle@IdOrgao=1736@Particao=41066
Superintendência Federal de Agricultura, Pecuária e Abastecimento no Estado de Mato Grosso do Sul@IdOrgao=2794@Particao=14
Comitê Interministerial de Gestão das Ações Governamentais nos V Jogos Mundiais Militares RIO2011@IdOrgao=117850@Particao=41066
Superintendência Federal de Agricultura, Pecuária e Abastecimento no Estado do Rio Grande do Norte@IdOrgao=2808@Particao=14
Grupo-Executivo para Coordenação e Acompanhamento do Programa Emergencial de Combate aos Efeitos da Seca@IdOrgao=40600@Particao=1932
Comissão de Desenvolvimento do Projeto e da Implantação do Sistema de Comunicações Militares por Satélite@IdOrgao=27702@Particao=41066
Seção Nacional de Coordenação dos Assuntos Relacionados à Associação Inter-Regional Mercosul-União Européia@IdOrgao=46785@Particao=263
Conselho de Participação em Fundos Garantid. para Cobert. de Risc. em Proj. de Infraestrutura de Grande Vulto@IdOrgao=118711@Particao=1929
Comitê Intersetorial de Acompanhamento e Monitoramento da Política Nacional para População em Situação de Rua@IdOrgao=105374@Particao=1801
Comitê de Acompanhamento da Implementação do Plano de Ação da Cúpula Mundial da Alimentação da Organização das@IdOrgao=58983@Particao=263
Grupo de Gerenciamento para Fortalecimento das Ações do Programa Brasil Empreendedor/Micro, Peq. e Médias Empr@IdOrgao=60446@Particao=2837
Conselho de Recursos do Sistema Nacional de Seguros Privados, de Previdência Privada Aberta e de Capitalização@IdOrgao=35620@Particao=1929