Chefe
Substituto
pregoeiro
Presidente
Diretor
Ministro de Estado
Chefe de Gabinete
Consultor Jurídico
Secretário
Superintendente
Procurador-Geral
Coordenador-Geral
Presidente da República
Chefe
Subchefe
Ministro de Estado Chefe
Comandante
Advogado-Geral da União
Diretor-Geral
Diretor-Presidente
Secretário-Geral do Exército
Auditor-Chefe
Coordenador
Superintendente-Adjunto
Liquidante
Chefe do Estado-Maior da Armada
Comandante-Geral
Secretário-Geral
Secretário-Executivo
Reitor
Procurador
Comandante-em-Chefe
Delegado
Diretor-Executivo
Embaixador
Diretor-Geral Brasileiro
Vice-Chefe
Consultor-Chefe
Vice-Presidente da República
Coordenador Nacional
Assessor-Chefe
Inspetor-Geral
Procurador-Chefe
Subsecretário
Subsecretário-Geral
Consultor
Subdiretor
Delegado Regional
Superintendente Regional
Auditor-Geral
Delegado de Administração
Vice-Presidente
Chefe da Assessoria
Subchefe-Executivo
Procurador Jurídico
Responsável-Geral
Subchefe-Executivo Adjunto
Gerente Geral
Procurador-Geral da União
Consultor-Geral
Corregedor-Geral
Ouvidor-Geral
Inspetor
Gerente de Coordenação
Subprocurador
Representante
Procurador-Geral (interino)
Procurador Regional
Subsecretário-Executivo
Primeiro Subdiretor
Ministro de Estado Extraordinário
Secretário Especial
Delegado de Julgamento
Vice-Diretor
Assessor
Presidente (interino)
Subcomandante
Prefeito
Subdelegado
Defensor Público Geral da União
Coordenador Especial
Subdefensor Público-Geral da União
Encarregado
Superintendente Estadual
Procurador Distrital
Agente
Diretor-Superintendente
Procurador-Seccional
Inspetor Regional
Residente
Corregedor
Administrador Executivo Regional
Inspetor-Chefe
Diretor Regional
Subchefe do Gabinete
Delegado Interino
Pró-Reitor de Administração
Pro-Reitor de Graduação
Pró-Reitor de Pós-graduação
Pró-Reitor de Extensão
Pró-Reitor de Pesquisa
Pró-Reitor de Assuntos Estudantis
Pró-Reitor
Executor de Projeto
Diretor-Técnico
Procurador Geral
Chefe de Unidade Fundiária
Pró-Diretor
Chefe de Disciplina
Diretor de Pesquisa
Diretor Técnico de Extensão
Membro Titular
Secretário-Adjunto
Diretor de Programa
Assessor Especial
Gerente de Projeto
Vice-Reitor
Suplente
Inventariante
Titular
Respondendo
Gerente de Programa
Procurador Estadual
Conselheiro Efetivo
Conselheiro Suplente
Membro Suplente
Gerente-Geral
Superintendente-Executivo
Coordenador Regional
Segundo Subdiretor
Conselheiro Titular
Cônsul
Capitão dos Portos
Delegado Especial
Superintendente-Geral
Diretor Pró-Tempore
Gerente Regional
Gerente Estadual
Membro Efetivo
Cônsul Honorário
Gerente de Informações em C&T
Gerente
Gerente de Capacitações
Auditor-Estadual
Supervisor de Projetos
Vogal Titular
Vogal Suplente
Sub-Reitor
Chefe de Secretaria
Coordenador Adjunto
Diretor Geral Administrativo
Secretário de Estado
Supervisor de Segurança do Campus
Corregedor-Auxiliar
Cônsul-Geral
Chefe de Equipe
Conselheiro Militar
Subgerente
Gerente-Executivo
Auditor-Regional
Ouvidor
Pró-Reitor Adjunto
Supervisor
Adjunto
Economista-Chefe
Subsecretário-Adjunto
Subcoordenador
Procurador-Geral Adjunto
Economista-Chefe Adjunto
Gerente de Projeto III
Diretor-Geral Adjunto
Secretário-Geral-Adjunto
Diretor-Adjunto
Encarregado-Chefe
Arcebispo Militar do Brasil
Representante Alterno
Superintendente Nacional
Supervisor Técnico
Presidente-Adjunto
Substituto
Subprocurador-Federal
Gerente Especial
Gerente Estratégico
Secretário-Executivo Adjunto
Vice-Cônsul
Diretor de Projeto
Assistente de Projeto
Subcorregedor-Geral
Cônsul-Geral-Adjunto
Gerente Regional Adjunto
Auxiliar
Assistente Técnico
Auxiliar Técnico
Membros eventuais
Defensor Público Regional
Delegado-Adjunto
Secretário Administrativo
1º Vice-Presidente
2º Vice-Presidente
Gestor
Gerente de Projeto I
Gerente de Projeto II
Consultor Jurídico-Adjunto
Administrador
Vice-Coordenador
Diretor de Foro
Juiz Federal
Auditor
Técnico
Procurador-Geral Federal
Sub-Prefeito
Subprocurador-Regional
Subprocurador-Chefe
Assessor-Coordenador
Assessor Especial do Secretário-Executivo
Assistente do Secretário-Executivo
Não Definido
Assessor Especial do Ministro
Assessor Especial de Controle Interno
Assessor do Secretário-Executivo
Assistente
                         
Coordenador da Equipe de Transição de Governo
Oficial-de-Gabinete III
Assessor do Secretário 
Assistente do Ministro
Supervisor de Programa
Presidente de Câmara
Subgerente de Projeto
Gerente-Executivo I
Corregedor-Adjunto
Chefe de Equipe de Fiscalização
Para-desportista
Desportista
Oficial-de-Gabinete I
Oficial-de-Gabinete II
Porta-Voz
Técnico I
Técnico II
Técnico III
Técnico IV
Assessor Técnico
Chefe da Assessoria Especial
Chefe de Agência
Supervisor Estadual
Assistente Intermediário III
Representante Regional
Assessor Chefe Militar
Chefe-Adjunto
Especialista
Coordenador Técnico
Assessor Jurídico
Gerente-Executivo II
Chefe de Unidade
Advogado Regional da União
Chefe de Escritório
Assessor Militar
Assessor Técnico Militar
Assistente Militar
Assistente Técnico Militar
Assessor Especial Militar
Subchefe Militar
Chefe do Ordinariado
Juiz Militar
Gerente Nível II
Gerente Nível I
Supervisor III
Assessor de Ex-Presidente
Assessor Especial de Ex-Presidente
Assistente de Ex-Presidente
Auxiliar de Ex-Presidente
Segundo Suplente
Auditor Interno
Coordenador Suplente
Supervisor de Pesquisa II
Supervisor de Pesquisa III
Supervisor de Pesquisa I
Assistente Executivo
Ouvidor Agrário
Chefe de Serviço
Chefe de Divisão
Secretário-Executivo da Câmara de Comércio Exterior
Presidente de Junta
Presidente do Conselho
Encarregado de Obras
Encarregado Turno
Militar
Representante do Governo Federal
Superintendente Nacional Adjunto
Representante da Sociedade Civil
Diretor Administrativo
Diretor Administrativo
Diretor Técnico-Comercial
Presidente Substituto
Convidado Permanente
Assistente Técnico de ex-Presidente
Consul-Adjunto
Especialista/Secretário
Chefe do Estado-Maior de Defesa
Diretor de Unidade
Assistente de Secretaria
Assistente de Comunicação
Subcontrolador-Geral
Ouvidor-Chefe
Decano
Oficial
Coordenador de Extensão
Coordenador de Ensino
Coordenador de Pesquisa
Chefe de Equipe de Fiscalização Aduaneira
Chefe de Equipe de Repressão Aduaneira
Chefe de Equipe de Arrecadação Tributária
Conselheiro
Ouvidor do Sistema Penitenciário
Representante Suplente
Representante Titular
Corregedor Setorial
Corregedor-Geral Adjunto
Secretario-Executivo do Conselho
Adjunto de Consultoria
Chefe de Equipe de Arrecadação e Cobrança
Chefe de Equipe de Cadastro
Chefe de Equipe de Gestão de Pessoas
Chefe de Equipe de Logística
Chefe de Equipe de Tributação
Diretor Técnico-Industrial 
Chefe de Gabinete-Adjunto
Chefe do Cerimonial Adjunto
Chefe de Gabinete-Adjunto 
Pesquisador Institucional
Diretor Administrativo e Financeiro
Auxiliar de Gabinete
Membro
                      
Diretor Acadêmico
Supervisor-Geral 
Chefe da Assessoria Econômica-Adjunto
Chefe de Estado-Maior
Assistente I
Consultor da União
Subprocurador-Geral
Assistente Técnico de ex-Presidente
Assistente II
Assistente III
Gerente de Agência
Chefe de Assessoria
Chefe de Equipe Aduaneira
Chefe de Equipe de Tecnologia da Informação
Juiz Presidente
Coordenador de Curso 
Assessor do Ministro
Cargo Especial de Transição Governamental
Gerente de Equipe
Gerente Técnico
Chefe de Equipe de Atendimento ao Contribuinte
Chefe de Equipe de Conferência de Bagagem
Chefe do Gabinete Pessoal
Subdefensor Público-Geral Federal
Gerente de Informações
Gerente de Produto
Assistente Intermediário II
Assistente Intermediário I
Supervisor II
Supervisor I
Supervisor de Equipe
Advogado da União
Advogado Seccional da União
Assessor Administrativo
Assistente Administrativo
Representante Permanente
Procurador Coordenador
Subsecretário-Geral Adjunto
Chefe de Coordenadoria
Chefe do Gabinete Pessoal
Subchefe-Adjunto
Defensor Público
Chefe de Equipe de Despacho Aduaneiro
Presidenta da República
Coordenador-Geral de Controle Interno
Inspetor-Chefe Adjunto
Assessor do Gabinete do Ministro
Adjunto do Advogado-Geral da União
Assessor Especial do Advogado-Geral da União
Assessor do Advogado-Geral da União
Corregedor-Chefe
Gerente Nível III
Diretor Gerente-Geral
Chefe de Distrito
Coordenador de Assistência Estudantil
Chefe de Equipe de Vigilância e Controle Aduaneira
Adjunto de Contencioso
Presidenta
Juiz Vice-Presidente