Colégio Pedro II@IdOrgao=256
Arquivo Nacional@IdOrgao=334
Imprensa Nacional@IdOrgao=332
Comando da Marinha@IdOrgao=185
Comando do Exército@IdOrgao=94
Hospital Fêmina S/A@IdOrgao=2024
Comissão de Anistia@IdOrgao=74383
Ordinariado Militar@IdOrgao=41929
Ajudância-de-Ordens@IdOrgao=46870
Ajudância-de-Ordens@IdOrgao=92768
Conselho das Cidades@IdOrgao=59090
Banco do Brasil S.A.@IdOrgao=93
Fundação Oswaldo Cruz@IdOrgao=315
Observatório Nacional@IdOrgao=346
Comissão de Promoções@IdOrgao=3305
Comitê Gestor do FNMC@IdOrgao=112729
Comitê Gestor do PGPAF@IdOrgao=91118
Secretaria de Inovação@IdOrgao=8925
Banco da Amazônia S.A.@IdOrgao=171
Comando da Aeronáutica@IdOrgao=48
Assessoria Diplomática@IdOrgao=1935
Banco Central do Brasil@IdOrgao=89
Caixa Econômica Federal@IdOrgao=91
Casa da Moeda do Brasil@IdOrgao=92
Fundação Joaquim Nabuco@IdOrgao=257
Companhia Docas do Pará@IdOrgao=182
Conselho do Agronegócio@IdOrgao=75693
Petróleo Brasileiro S.A.@IdOrgao=224
Companhia Docas do Ceará@IdOrgao=758
Ouvidoria-Geral da União@IdOrgao=72576
Comitê Gestor do PRO-REG@IdOrgao=91555
Vice-Consulado em Lethem@IdOrgao=93602
Secretaria de Aeroportos@IdOrgao=115549
Conselho de Administração@IdOrgao=109993
Agência Nacional de Águas@IdOrgao=46876
Conselho de Aviação Civil @IdOrgao=47027
Comissão de Biossegurança@IdOrgao=94128
Empresa Gestora de Ativos@IdOrgao=55962
IRB-Brasil Resseguros S/A@IdOrgao=242
Escola Superior de Guerra@IdOrgao=36
Câmara de Política Social@IdOrgao=19235
Secretaria do Audiovisual@IdOrgao=3662
Consultoria-Geral da União@IdOrgao=3620
Fundação Nacional de Saúde@IdOrgao=2207
Fundação Nacional de Artes@IdOrgao=2330
Embaixada do Brasil em Amã@IdOrgao=20858
Fundação Nacional do Índio@IdOrgao=173
Conselho Nacional de Saúde@IdOrgao=306
Fundação Cultural Palmares@IdOrgao=1782
Comissão Técnica Executiva@IdOrgao=57193
Agência Nacional do Cinema@IdOrgao=57682
Gabinete-Adjunto de Agenda@IdOrgao=93911
Procuradoria-Geral Federal@IdOrgao=69685
Conselho Militar de Defesa@IdOrgao=41926
Instituto Pandiá Calógeras@IdOrgao=121917
Embaixada do Brasil em Díli@IdOrgao=68624
Corregedoria-Geral da União@IdOrgao=88751
Autoridade Pública Olímpica@IdOrgao=116793
Conselho Superior de Cinema@IdOrgao=57680
Consulado do Brasil em Chuí@IdOrgao=52512
Embaixada do Brasil em Lima@IdOrgao=869
Embaixada do Brasil em Oslo@IdOrgao=879
Embaixada do Brasil em Roma@IdOrgao=889
Embaixada do Brasil em Seul@IdOrgao=894
Instituto Benjamin Constant@IdOrgao=251
Companhia Docas do Maranhão@IdOrgao=181
Conselho Monetário Nacional@IdOrgao=82
Hospital das Forças Armadas@IdOrgao=35
Comissão do Serviço Militar@IdOrgao=485
Embaixada do Brasil em Acra@IdOrgao=835
Embaixada do Brasil em Baku@IdOrgao=20386
Câmara de Política Cultural@IdOrgao=76390
Embaixada do Brasil em Haia@IdOrgao=8998
Câmara de Comércio Exterior@IdOrgao=9154
Embaixada do Brasil em Kiev@IdOrgao=9172
Defensoria Pública da União@IdOrgao=10355
Procuradoria-Geral da União@IdOrgao=3619
Agência Espacial Brasileira@IdOrgao=4243
Embaixada do Brasil em Doha@IdOrgao=8992
Embaixada do Brasil em Berna@IdOrgao=8652
Conselho de Política Externa@IdOrgao=8870
Embaixada do Brasil em Cabul@IdOrgao=8890
Hospital Cristo Redentor S/A@IdOrgao=2021
Embaixada do Brasil em Vaduz@IdOrgao=9264
Embaixada do Brasil em Paris@IdOrgao=9126
Embaixada do Brasil em Praia@IdOrgao=9132
Museu Paraense Emílio Goeldi@IdOrgao=24712
Centro de Tecnologia Mineral@IdOrgao=24752
Embaixada do Brasil em Minsk@IdOrgao=29059
Embaixada do Brasil em Hanói@IdOrgao=29055
Secretaria de Gestão Pública@IdOrgao=37003
Embaixada do Brasil em Argel@IdOrgao=837
Universidade Federal do Pará@IdOrgao=415
Fundação Casa de Rui Barbosa@IdOrgao=261
Fundação Alexandre de Gusmão@IdOrgao=299
Embaixada do Brasil em Sófia@IdOrgao=895
Embaixada do Brasil em Teerã@IdOrgao=896
Embaixada do Brasil em Quito@IdOrgao=887
Embaixada do Brasil em Rabat@IdOrgao=888
Embaixada do Brasil em Praga@IdOrgao=885
Embaixada do Brasil em Túnis@IdOrgao=901
Embaixada do Brasil em Viena@IdOrgao=903
Fundação Biblioteca Nacional@IdOrgao=984
Embaixada do Brasil em Madri@IdOrgao=871
Embaixada do Brasil em Riade@IdOrgao=863
Embaixada do Brasil no Cairo@IdOrgao=849
Embaixada do Brasil em Dacar@IdOrgao=855
Embaixada do Brasil em Abuja@IdOrgao=83833
Conselho Nacional de Turismo@IdOrgao=57612
Câmara de Política Econômica@IdOrgao=67184
Serviço Florestal Brasileiro@IdOrgao=89539
Conselho Nacional de Esporte@IdOrgao=47637
Comissão Nacional da Verdade@IdOrgao=117159
Comitê Consultivo do PRO-REG@IdOrgao=91556
Vice-Consulado em Concepción@IdOrgao=100250
Conselho Nacional do Trabalho@IdOrgao=110122
Secretaria-Executiva do CONIT@IdOrgao=107076
Embaixada do Brasil em Kuaite@IdOrgao=853
Embaixada do Brasil em Bissau@IdOrgao=844
Embaixada do Brasil em Bogotá@IdOrgao=845
Embaixada do Brasil em Berlim@IdOrgao=846
Embaixada do Brasil em La Paz@IdOrgao=867
Embaixada do Brasil em Luanda@IdOrgao=870
Embaixada do Brasil em Panamá@IdOrgao=880
Embaixada do Brasil em Pequim@IdOrgao=882
Embaixada do Brasil em Manila@IdOrgao=873
Embaixada do Brasil em Maputo@IdOrgao=874
Embaixada do Brasil no México@IdOrgao=875
Embaixada do Brasil em Moscou@IdOrgao=876
Comissão Especial de Recursos@IdOrgao=1223
Embaixada do Brasil em Tóquio@IdOrgao=899
Secretaria de Educação Básica@IdOrgao=1975
Secretaria de Atenção à Saúde@IdOrgao=1989
Colégio de Consultoria da AGU@IdOrgao=91748
Conselho Nacional de Trânsito@IdOrgao=321
Conselho Nacional de Educação@IdOrgao=248
Universidade Federal do Ceará@IdOrgao=416
Universidade Federal da Bahia@IdOrgao=421
Universidade Federal de Goiás@IdOrgao=422
Embaixada do Brasil em Atenas@IdOrgao=838
Embaixada do Brasil em Ancara@IdOrgao=836
Embaixada do Brasil em Abidjã@IdOrgao=834
Embaixada do Brasil em Astana@IdOrgao=35541
Conselho de Saúde Suplementar@IdOrgao=32415
Embaixada do Brasil em Tallin@IdOrgao=29064
Embaixada do Brasil em Iaundê@IdOrgao=9100
Embaixada do Brasil em Lisboa@IdOrgao=9101
Embaixada do Brasil em Ottawa@IdOrgao=9125
Embaixada do Brasil em Havana@IdOrgao=8999
Embaixada do Brasil em Lusaca@IdOrgao=9105
Embaixada do Brasil em Malabo@IdOrgao=9107
Embaixada do Brasil em Zagreb@IdOrgao=18734
Embaixada do Brasil em Cartum@IdOrgao=8891
Embaixada do Brasil em Dublin@IdOrgao=8993
Embaixada do Brasil em Harare@IdOrgao=8984
Embaixada do Brasil em Bamako@IdOrgao=8425
Conselho Nacional de Juventude@IdOrgao=81129
Embaixada do Brasil em Conacri@IdOrgao=8983
Secretaria de Controle Interno@IdOrgao=2040
Conselho Nacional de Imigração@IdOrgao=2766
Comissão Nacional de Florestas@IdOrgao=76175
Embaixada do Brasil em Mascate@IdOrgao=9113
Secretaria Nacional de Justiça@IdOrgao=9518
Embaixada do Brasil em Ierevan@IdOrgao=29071
Embaixada do Brasil em Bangkok@IdOrgao=840
Embaixada do Brasil em Beirute@IdOrgao=841
Universidade Federal de Lavras@IdOrgao=463
Universidade Federal do Paraná@IdOrgao=428
Secretaria de Energia Elétrica@IdOrgao=1919
Secretaria do Tesouro Nacional@IdOrgao=1696
Secretaria de Controle Interno@IdOrgao=1222
Secretaria de Telecomunicações@IdOrgao=73537
Embaixada do Brasil em Trípoli@IdOrgao=900
Embaixada do Brasil em Jacarta@IdOrgao=862
Embaixada do Brasil em Nairóbi@IdOrgao=877
Embaixada do Brasil em Manágua@IdOrgao=872
Embaixada do Brasil em Caracas@IdOrgao=851
Embaixada do Brasil em Damasco@IdOrgao=856
Embaixada do Brasil em Londres@IdOrgao=37861
Embaixada do Brasil em Cotonou@IdOrgao=88372
Secretaria de Controle Interno@IdOrgao=41581
Empresa de Pesquisa Energética@IdOrgao=76608
Instituto Brasileiro de Museus@IdOrgao=100584
Consulado do Brasil em Iquitos@IdOrgao=84218
Secretaria de Inclusão Digital@IdOrgao=115434
Secretaria de Economia Criativa@IdOrgao=119553
Delegação Permanente em Genebra@IdOrgao=97848
Embaixada do Brasil em Helsinki@IdOrgao=860
Embaixada do Brasil em Camberra@IdOrgao=850
Embaixada do Brasil em Kingston@IdOrgao=864
Embaixada do Brasil em Kinshasa@IdOrgao=865
Embaixada do Brasil em Pretória@IdOrgao=886
Embaixada do Brasil em São José@IdOrgao=892
Embaixada do Brasil em Varsóvia@IdOrgao=902
Embaixada do Brasil em Tel Aviv@IdOrgao=898
Embaixada do Brasil em Sarajevo@IdOrgao=77973
Secretaria de Orçamento Federal@IdOrgao=2032
Universidade Federal da Paraíba@IdOrgao=419
Universidade Federal de Alagoas@IdOrgao=420
Universidade Federal Fluminense@IdOrgao=427
Universidade Federal de Alfenas@IdOrgao=461
Universidade Federal de Itajubá@IdOrgao=462
Comissão de Valores Mobiliários@IdOrgao=478
Embaixada do Brasil em Belgrado@IdOrgao=842
Secretaria de Educação Superior@IdOrgao=766
Instituto Brasileiro de Turismo@IdOrgao=241
Departamento de Polícia Federal@IdOrgao=324
Secretária-Geral de Consultoria@IdOrgao=29028
Secretaria-Geral de Contencioso@IdOrgao=29029
Embaixada do Brasil em Lilongue@IdOrgao=29056
Embaixada do Brasil em Windhoek@IdOrgao=9843
Embaixada do Brasil em Santiago@IdOrgao=9209
Embaixada do Brasil em Uagadugu@IdOrgao=9215
Embaixada do Brasil no Vaticano@IdOrgao=9217
Embaixada do Brasil em Katmandu@IdOrgao=9001
Embaixada do Brasil em São Tomé@IdOrgao=9139
Embaixada do Brasil em Monróvia@IdOrgao=9142
Embaixada do Brasil em Gaborone@IdOrgao=119794
Secretaria de Política Agrícola@IdOrgao=2035
Secretaria de Comércio Exterior@IdOrgao=3215
Embaixada do Brasil em Belmopan@IdOrgao=8651
Embaixada do Brasil em Castries@IdOrgao=8892
37º Batalhão de Infantaria Leve@IdOrgao=95490
Embaixada do Brasil em Assunção@IdOrgao=8428
Embaixada do Brasil em Bruxelas@IdOrgao=8648
Instituto Nacional do Semi-Árido @IdOrgao=80497
Assessoria de Gestão Estratégica@IdOrgao=80968
Secretaria Nacional de Juventude@IdOrgao=81128
Comissão Nacional de Cartografia@IdOrgao=7211
Embaixada do Brasil em Abu Dhabi@IdOrgao=7367
Embaixada do Brasil em Cingapura@IdOrgao=8988
Comitê de Política Internacional@IdOrgao=94421
Embaixada do Brasil em Liubliana@IdOrgao=9102
Comitê Nacional das Zonas Úmidas @IdOrgao=98540
Secretaria Nacional de Habitação@IdOrgao=74011
Instituto Nacional de Tecnologia@IdOrgao=232
Banco do Nordeste do Brasil S.A.@IdOrgao=172
Secretaria de Política Econômica@IdOrgao=1987
Assessoria de Comunicação Social@IdOrgao=1939
Embaixada do Brasil em Bucareste@IdOrgao=847
Embaixada do Brasil em Budapeste@IdOrgao=848
Embaixada do Brasil na Guatemala@IdOrgao=859
Embaixada do Brasil em Estocolmo@IdOrgao=857
Secretaria de Produtos de Defesa@IdOrgao=113165
Secretaria Nacional de Irrigação@IdOrgao=115597
Comitê Nacional de Biotecnologia@IdOrgao=91269
Embaixada do Brasil em Pyongyang@IdOrgao=68460
Centros Educacionais Estrangeiros@IdOrgao=71176
Secretaria-Geral de Administração@IdOrgao=70352
Representação Regional no Sudeste@IdOrgao=90128
Secretaria de Comércio e Serviços@IdOrgao=85706
Vice-Consulado em Puerto Ayacucho@IdOrgao=80480
Embaixada do Brasil em Montevidéu@IdOrgao=46661
Consulado-Geral do Brasil em Roma@IdOrgao=39643
Secretaria Nacional do Consumidor@IdOrgao=119335
Consulado-Geral do Brasil em Faro@IdOrgao=112990
Embaixada do Brasil em Bamgladesh@IdOrgao=101067
Comitê Gestor do Simples Nacional@IdOrgao=101141
Embaixada do Brasil em Georgetown@IdOrgao=858
Embaixada do Brasil em Islamabade@IdOrgao=861
Embaixada do Brasil em Copenhague@IdOrgao=852
Embaixada do Brasil em Libreville@IdOrgao=868
Embaixada do Brasil em Nova Delhi@IdOrgao=878
Embaixada do Brasil em Paramaribo@IdOrgao=881
Embaixada do Brasil em Washington@IdOrgao=904
Laboratório Nacional Agropecuário@IdOrgao=72270
Secretaria do Patrimônio da União@IdOrgao=1986
Secretaria de Vigilância em Saúde@IdOrgao=74933
Fundo Nacional de Desenvolvimento@IdOrgao=1705
Companhia Docas do Rio de Janeiro@IdOrgao=180
Comitê Brasileiro de Nomenclatura@IdOrgao=88
Telecomunicações Brasileiras S.A.@IdOrgao=75
Companhia Docas do Espírito Santo@IdOrgao=701
Secretaria de Defesa Agropecuária@IdOrgao=757
Fundação Universidade de Brasília@IdOrgao=470
Universidade Federal de São Paulo@IdOrgao=464
Fundação Universidade do Amazonas@IdOrgao=465
Subchefia de Assuntos Federativos@IdOrgao=36714
Embaixada do Brasil em Bratislava@IdOrgao=29054
Embaixada do Brasil em Nouakchott@IdOrgao=9118
Embaixada do Brasil em Wellington@IdOrgao=9122
Agência Nacional de Aviação Civil@IdOrgao=86144
Secretaria de Políticas Culturais@IdOrgao=75694
Laboratório Nacional Agropecuário@IdOrgao=72228
Embaixada do Brasil em Adis-Abeba@IdOrgao=7369
Embaixada do Brasil em Bridgetown@IdOrgao=8427
Subchefia para Assuntos Jurídicos@IdOrgao=3154
Secretaria de Relações do Trabalho@IdOrgao=2861
Embaixada do Brasil em Brazzaville@IdOrgao=8653
Consulado-Geral do Brasil em Paris@IdOrgao=88430
Comissão Nacional de Classificação@IdOrgao=9972
Empresa Brasil de Comunicação S.A.@IdOrgao=86567
Assessoria de Imprensa do Gabinete@IdOrgao=24961
Universidade Federal de Uberlândia@IdOrgao=472
Universidade Federal de Pernambuco@IdOrgao=418
Financiadora de Estudos e Projetos@IdOrgao=1
Centrais Elétricas Brasileiras S/A@IdOrgao=226
Escola de Administração Fazendária@IdOrgao=344
Embaixada do Brasil em Santa Lúcia@IdOrgao=94583
Instituto Nacional de Meteorologia@IdOrgao=2030
Conselho Nacional do Meio Ambiente @IdOrgao=1023
Embaixada do Brasil em Tegucigalpa@IdOrgao=897
Consulado-Geral do Brasil em Milão@IdOrgao=37328
Conselho Curador do Banco da Terra@IdOrgao=45738
Secretaria da Agricultura Familiar@IdOrgao=44987
Agência Brasileira de Inteligência@IdOrgao=45104
Escritório Financeiro em Nova York@IdOrgao=42767
Secretaria de Inspeção do Trabalho@IdOrgao=42832
Consulado-Geral do Brasil em Miami@IdOrgao=43055
Departamento de Gestão Estratégica@IdOrgao=112975
Consulado-Geral do Brasil no Porto@IdOrgao=52510
Conselho Nacional de Biossegurança @IdOrgao=83690
Representação Regional no Nordeste@IdOrgao=90126
Comissão de Ética Pública Setorial@IdOrgao=90773
Câmara de Gestão do Setor Elétrico@IdOrgao=69154
Consulado-Geral do Brasil em Lagos@IdOrgao=84002
Consulado-Geral do Brasil no México@IdOrgao=97681
Assessoria Especial de Planejamento@IdOrgao=113010
Consulado-Geral do Brasil em Madrid@IdOrgao=89532
Consulado-Geral do Brasil em Mumbai@IdOrgao=89628
Consulado-Geral do Brasil no Mexico@IdOrgao=94729
Consulado-Geral do Brasil em Xangai@IdOrgao=43516
Consulado-Geral do Brasil em Rivera@IdOrgao=41808
Consulado-Geral do Brasil em Boston@IdOrgao=41811
Secretaria de Reordenamento Agrário@IdOrgao=44988
Secretaria Nacional de Defesa Civil@IdOrgao=38348
Consulado-Geral do Brasil em Tóquio@IdOrgao=41042
Câmara de Atividades de Contencioso @IdOrgao=46989
Câmara de Atividades de Consultoria @IdOrgao=46997
Subsecretaria de Ações Estratégicas@IdOrgao=96450
Secretaria de Comunicação Integrada@IdOrgao=95290
Consulado-Geral do Brasil em Cantão@IdOrgao=105366
Secretaria de Navegação Aérea Civil@IdOrgao=115575
Embaixada do Brasil em São Salvador@IdOrgao=893
Embaixada do Brasil em São Domingos@IdOrgao=891
Consulado-Geral do Brasil em Nagoya@IdOrgao=72521
Instituto Nacional do Seguro Social@IdOrgao=1934
Departamento Penitenciário Nacional@IdOrgao=1956
Secretaria de Assuntos Legislativos@IdOrgao=1802
Universidade Federal de Santa Maria@IdOrgao=431
Laboratório Nacional de Astrofísica@IdOrgao=24753
Câmara Interministerial de Trânsito@IdOrgao=74606
Consulado-Geral do Brasil em Caiena@IdOrgao=29244
Subchefia de Assuntos Parlamentares@IdOrgao=36713
Consulado-Geral do Brasil em Lisboa@IdOrgao=37010
Consulado-Geral do Brasil em Sydney@IdOrgao=33282
Secretaria de Reforma do Judiciário@IdOrgao=74381
Embaixada do Brasil em Kuala-Lumpur@IdOrgao=9075
Embaixada do Brasil em Buenos Aires@IdOrgao=8649
Embaixada do Brasil em Dar es Salam@IdOrgao=83605
Conselho Nacional da Amazônia Legal@IdOrgao=4009
Comissão de Financiamentos Externos@IdOrgao=3171
Companhia Nacional de Abastecimento@IdOrgao=2114
Secretaria de Produção e Agroenergia@IdOrgao=3214
Agência Nacional de Energia Elétrica@IdOrgao=21089
Consulado-Geral do Brasil em Orlando@IdOrgao=109914
Museu de Astronomia e Ciências Afins@IdOrgao=24755
Agência Nacional de Telecomunicações@IdOrgao=25064
Consulado-Geral do Brasil em Houston@IdOrgao=26550
Universidade Federal de Minas Gerais@IdOrgao=423
Universidade Federal de Juiz de Fora@IdOrgao=424
Hospital de Clínicas de Porto Alegre@IdOrgao=258
Comissão Nacional de Energia Nuclear@IdOrgao=223
Superintendência de Seguros Privados@IdOrgao=235
Consulado-Geral do Brasil em Roterdã@IdOrgao=72535
Embaixada do Brasil em Port-of-Spain@IdOrgao=884
Escritório Especial em Altamira - PA@IdOrgao=118509
Escritório de Representação na Bahia@IdOrgao=110367
Comitê de Gestão da Pesca da Lagosta@IdOrgao=108428
Consulado-Geral do Brasil em Genebra@IdOrgao=84131
Comissão de Coordenação de Correição@IdOrgao=84303
Consulado-Geral do Brasil em Munique@IdOrgao=37432
Consulado-Geral do Brasil em Chicago@IdOrgao=37014
Consulado-Geral do Brasil em Londres@IdOrgao=37862
Consulado-Geral do Brasil em Toronto@IdOrgao=46182
Secretaria de Infraestrutura Hídrica@IdOrgao=43032
Consulado-Geral do Brasil em Caracas@IdOrgao=94730
Comitê Gestor do Projeto Casa Brasil@IdOrgao=83299
Consulado-Geral do Brasil em Córdoba@IdOrgao=58488
Consulado-Geral do Brasil em Beirute@IdOrgao=84001
Delegacia Regional no Estado do Pará@IdOrgao=79717
Fundação Universidade Federal do ABC@IdOrgao=84703
Consulado-Geral do Brasil em Mendoza@IdOrgao=89629
Secretaria de Segurança Presidencial@IdOrgao=113092
Consulado-Geral do Brasil em Caracas@IdOrgao=97680
Consulado-Geral do Brasil em Atlanta@IdOrgao=95292
Câmara de Conciliação Administrativa@IdOrgao=71433
Consulado-Geral do Brasil em Zurique@IdOrgao=70017
Comitê Gestor do Fundo Garantia-Safra@IdOrgao=70741
Consulado-Geral do Brasil em Istambul@IdOrgao=104360
Assessoria de Assuntos Internacionais@IdOrgao=89538
Escritório de Representação no Paraná@IdOrgao=59097
Câmara de Políticas de Gestão Pública@IdOrgao=83289
Consulado-Geral do Brasil em Santiago@IdOrgao=46183
Agência Nacional de Saúde Suplementar@IdOrgao=45013
Consulado do Brasil em Ciudad Guayana@IdOrgao=39701
Consulado-Geral do Brasil em Montreal@IdOrgao=41035
Consulado-Geral do Brasil em Assunção@IdOrgao=46234
Secretaria Especial de Saúde Indígena@IdOrgao=110368
Universidade Federal do Oeste do Pará@IdOrgao=104667
Consulado-Geral do Brasil em Bruxelas@IdOrgao=109555
Comissão Mista da Indústria de Defesa@IdOrgao=121818
Representação no Estado de Pernambuco@IdOrgao=115626
Consulado-Geral do Brasil em Hartford@IdOrgao=95639
Escritório Especial em São Paulo - SP@IdOrgao=120908
Comissão do Fundo Nacional da Cultura@IdOrgao=102543
Universidade Federal da Fronteira Sul@IdOrgao=103730
Embaixada do Brasil em Porto Principe@IdOrgao=883
Secretaria de Assuntos Internacionais@IdOrgao=2031
Conselho Nacional de Seguros Privados@IdOrgao=229
Companhia Brasileira de Trens Urbanos @IdOrgao=372
Fundação Universidade Federal do Acre@IdOrgao=466
Assessoria de Assuntos Internacionais@IdOrgao=14050
Câmara de Políticas de Infraestrutura@IdOrgao=9674
Secretaria de Assuntos Internacionais@IdOrgao=3433
Secretaria de Política de Informática @IdOrgao=2058
Conselho Nacional de Política Agrícola@IdOrgao=2174
Secretaria de Acompanhamento Econômico@IdOrgao=8837
Secretaria Federal de Controle Interno@IdOrgao=4328
Conselho Nacional de Recursos Hídricos@IdOrgao=23448
Centro Brasileiro de Pesquisas Físicas@IdOrgao=24751
Fundação Universidade Federal do Piauí@IdOrgao=468
Companhia das Docas do Estado da Bahia@IdOrgao=702
Universidade Federal do Espírito Santo@IdOrgao=425
Universidade Federal do Rio de Janeiro@IdOrgao=426
Universidade Federal de Santa Catarina@IdOrgao=429
Universidade Federal Rural da Amazônia@IdOrgao=457
Companhia Docas do Rio Grande do Norte@IdOrgao=183
Procuradoria-Geral da Fazenda Nacional@IdOrgao=78
Conselho Nacional de Política Cultural@IdOrgao=1942
Conselho Nacional de Segurança Pública@IdOrgao=1950
Secretaria de Desenvolvimento Regional@IdOrgao=72104
Fundação Universidade Federal do Amapá@IdOrgao=1710
Companhia Docas do Estado de São Paulo@IdOrgao=959
Consulado-Geral do Brasil em Hamamatsu@IdOrgao=97849
Fundação Universidade Federal do Pampa@IdOrgao=94739
Consulado-Geral do Brasil em Hong Kong@IdOrgao=59082
Consulado-Geral do Brasil em Frankfurt@IdOrgao=52503
Secretaria de Planejamento Diplomático@IdOrgao=76810
Comitê Executivo do Governo Eletrônico @IdOrgao=51321
Universidade Federal de Campina Grande@IdOrgao=67671
Consulado-Geral do Brasil em Nova York@IdOrgao=69945
Consulado-Geral do Brasil em Barcelona@IdOrgao=69950
Conselho Nacional dos Direitos do Idoso@IdOrgao=68554
Comissão Militar da Indústria da Defesa@IdOrgao=60771
Secretaria de Organização Institucional@IdOrgao=113057
Secretaria de Gestão, Controle e Normas@IdOrgao=89764
Secretaria de Articulação Institucional@IdOrgao=40125
Missão do Brasil Junto à União Européia @IdOrgao=37766
Consulado-Geral do Brasil em Montevidéu@IdOrgao=46662
Conselho Nacional de Economia Solidária@IdOrgao=77694
Consulado-Geral do Brasil em Washington@IdOrgao=95638
Hospital Nossa Senhora da Conceição S/A@IdOrgao=2026
Secretaria da Receita Federal do Brasil@IdOrgao=77
Fundação Universidade Federal de Viçosa@IdOrgao=474
Conselho Nacional de Assistência Social@IdOrgao=4402
Conselho Nacional de Previdência Social@IdOrgao=2764
Secretaria-Geral das Relações Exteriores@IdOrgao=2034
Corregedoria-Geral da Advocacia da União@IdOrgao=3621
Comissão Nacional de Incentivo à Cultura@IdOrgao=3508
Escritório de Representação em São Paulo@IdOrgao=35206
Empresa de Planejamento e Logística S.A.@IdOrgao=119672
Consulado-Geral do Brasil em Los Angeles@IdOrgao=37012
Agência Nacional de Vigilância Sanitária@IdOrgao=36687
Câmara de Políticas de Recursos Naturais@IdOrgao=12691
Secretaria Nacional de Segurança Pública@IdOrgao=9053
Fundação Universidade Federal de Pelotas@IdOrgao=477
Fundação Universidade Federal de Sergipe@IdOrgao=469
Universidade Federal Rural do Semi-Árido@IdOrgao=458
Universidade Federal Rural de Pernambuco@IdOrgao=433
Conselho Nacional de Política Fazendária@IdOrgao=87
Instituto Nacional de Educação de Surdos@IdOrgao=252
Conselho Nacional dos Direitos da Mulher@IdOrgao=1557
Fundação Universidade Federal de Roraima@IdOrgao=1605
Embaixada do Brasil em Antígua e Barbuda@IdOrgao=101066
Empresa de Planejamento e Logística S.A.@IdOrgao=121084
Comitê Nacional de Diversidade Religiosa@IdOrgao=121428
Conselho Nacional de Aqüicultura e Pesca @IdOrgao=77695
Representação Regional - Tipo B - do Sul@IdOrgao=77487
Secretaria de Biodiversidade e Florestas@IdOrgao=38337
Estado-Maior Conjunto das Forças Armadas@IdOrgao=41110
Departamento de Tecnologia da Informação@IdOrgao=112976
Comissão de Gestão de Florestas Públicas@IdOrgao=89544
Assessoria Especial de Apoio ao Ministro@IdOrgao=120307
Subchefia de Articulação e Monitoramento@IdOrgao=78055
Gabinete-Adjunto de Gestão e Atendimento@IdOrgao=93913
Delegacia Regional no Estado de São Paulo@IdOrgao=79722
Conselho de Gestão do Patrimônio Genético@IdOrgao=55959
Secretaria Nacional de Economia Solidária@IdOrgao=75313
Secretaria Nacional de Assistência Social@IdOrgao=38238
Comissão Nacional de Política Indigenista @IdOrgao=93907
Secretaria Nacional de Renda de Cidadania@IdOrgao=77825
Secretaria de Desenvolvimento Territorial@IdOrgao=77415
Assessoria Especial do Ministro de Estado@IdOrgao=115683
Representação no Estado do Rio de Janeiro@IdOrgao=115622
Departamento Nacional de Produção Mineral@IdOrgao=1918
Fundação Universidade Federal de Rondônia@IdOrgao=1209
Serviço Federal de Processamento de Dados@IdOrgao=90
Superintendência da Zona Franca de Manaus@IdOrgao=166
Conselho Nacional de Ciência e Tecnologia@IdOrgao=9
Instituto Nacional de Pesquisas Espaciais@IdOrgao=10
Universidade Federal do Triângulo Mineiro@IdOrgao=459
Universidade Federal do Rio Grande do Sul@IdOrgao=430
Fundação Universidade Federal do Maranhão@IdOrgao=467
Conselho Deliberativo da Política do Café@IdOrgao=20373
Secretaria Nacional de Articulação Social@IdOrgao=72582
Consulado-Geral do Brasil em Buenos Aires@IdOrgao=26551
Conselho Gestor do Programa Bolsa Família@IdOrgao=76151
Secretaria do Desenvolvimento da Produção@IdOrgao=3213
Representação Regional - Tipo B - da Bahia@IdOrgao=2507
Conselho de Recursos da Previdência Social@IdOrgao=2041
Consulado-Geral do Brasil em São Francisco@IdOrgao=37009
Universidade Federal do Recôncavo da Bahia@IdOrgao=84710
Departamento de Polícia Rodoviária Federal@IdOrgao=704
Universidade Tecnológica Federal do Paraná@IdOrgao=454
Companhia de Pesquisa de Recursos Minerais@IdOrgao=227
Laboratório Nacional Agropecuário em Goiás@IdOrgao=118266
Comissão Técnica Nacional de Biossegurança@IdOrgao=75168
Laboratório Nacional Agropecuário em Belém@IdOrgao=72144
Agência Nacional de Transportes Terrestres@IdOrgao=54793
Delegacia Regional no Estado de Pernambuco@IdOrgao=79718
Representação Regional - Tipo B - do Norte@IdOrgao=77491
Fundação Universidade Federal do Tocantins@IdOrgao=52702
Escritório de Representação em Minas Gerais@IdOrgao=77713
Escritório de Representação na Região Norte@IdOrgao=77714
Delegacia Regional no Estado do Mato Grosso@IdOrgao=79715
Comissão de Estudos de História Diplomática@IdOrgao=76813
Agência Nacional de Transportes Aquaviários@IdOrgao=54843
Secretaria Nacional de Políticas de Turismo@IdOrgao=73565
Consulado-Geral do Brasil na Cidade do Cabo@IdOrgao=59060
Consulado do Brasil em Pedro Juan Caballero@IdOrgao=47539
Secretaria de Fomento e Incentivo à Cultura@IdOrgao=40127
Comissão de Coordenação de Controle Interno@IdOrgao=44701
Coordenação-Geral de Atendimento ao Cidadão@IdOrgao=120054
Empresa Brasileira de Serviços Hospitalares@IdOrgao=117267
Conselho Administrativo de Defesa Econômica@IdOrgao=322
Instituto Nacional de Pesquisas da Amazônia@IdOrgao=11
Empresa Brasileira de Pesquisa Agropecuária@IdOrgao=25
Empresa Brasileira de Correios e Telégrafos@IdOrgao=74
Universidade Federal do Rio Grande do Norte@IdOrgao=417
Fundação Universidade Federal de São Carlos@IdOrgao=475
Fundação Universidade Federal do Rio Grande@IdOrgao=476
Fundação Universidade Federal de Ouro Preto@IdOrgao=473
Conselho Nacional de Políticas sobre Drogas@IdOrgao=954
Secretaria Nacional de Saneamento Ambiental@IdOrgao=74015
Conselho Administrativo de Recursos Fiscais@IdOrgao=101068
Secretaria de Políticas Públicas de Emprego@IdOrgao=2208
Comitê de Avaliação de Créditos ao Exterior@IdOrgao=3172
Laboratório Nacional Agropecuário em Recife@IdOrgao=72219
Consulado-Geral do Brasil em Ciudad Del Este@IdOrgao=36780
Empresa de Trens Urbanos de Porto Alegre S.A@IdOrgao=958
Conselho de Articulação de Programas Sociais@IdOrgao=72559
Laboratório Nacional Agropecuário em Goiânia @IdOrgao=72155
Conselho Nacional de Informática e Automação@IdOrgao=1407
Fundação Universidade Federal de Mato Grosso@IdOrgao=471
Instituto Nacional da Propriedade Industrial@IdOrgao=382
Universidade Federal Rural do Rio de Janeiro@IdOrgao=432
Autoridade Brasileira de Controle de Dopagem@IdOrgao=117165
Representação no Estado do Rio Grande do Sul@IdOrgao=115624
Comissão Nacional das Autoridades nos Portos @IdOrgao=121890
Embaixada do Brasil em São Cristovão e Nevis@IdOrgao=101063
Subsecretaria de Desenvolvimento Sustentável@IdOrgao=96452
Comitê Gestor de Atenção à Saúde do Servidor@IdOrgao=117813
Conselho Nacional de Proteção e Defesa Civil@IdOrgao=50447
Comissão Nacional do Projeto Brasil-Suriname@IdOrgao=75481
Conselho Nacional de Combate à Discriminação@IdOrgao=58490
Delegacia Regional no Estado de Minas Gerais@IdOrgao=79716
Secretaria de Políticas de Ações Afirmativas@IdOrgao=73236
Instituto Nacional de Pesquisas Hidroviárias@IdOrgao=92751
Conselho Diretor do Fundo da Marinha Mercante@IdOrgao=92769
Comissão Nacional de Combate à Desertificação @IdOrgao=96438
Escritório de Representação em Santa Catarina@IdOrgao=59096
Laboratório Nacional Agropecuário em Campinas@IdOrgao=72142
Representação Regional - Tipo A - do Nordeste@IdOrgao=77489
Fundo Nacional de Desenvolvimento da Educação@IdOrgao=253
Laboratório Nacional de Computação Científica@IdOrgao=982
VALEC-Engenharia, Construções e Ferrovias S/A @IdOrgao=1800
Secretaria Nacional de Políticas Sobre Drogas@IdOrgao=33032
Escritório de Representação no Rio de Janeiro@IdOrgao=14565
Comissão Memória dos Presidentes da República@IdOrgao=3523
Conselho Superior da Advocacia-Geral da União@IdOrgao=3623
Secretaria de Políticas de Previdência Social@IdOrgao=2210
Conselho Nacional de Previdência Complementar@IdOrgao=2042
Representação Regional - Tipo A - de São Paulo@IdOrgao=2506
Secretaria de Política Nacional de Transportes@IdOrgao=74708
Escritório de Representação na Região Nordeste@IdOrgao=14567
Conselho de Controle de Atividades Financeiras@IdOrgao=32061
Assessoria Especial de Relações Internacionais@IdOrgao=35092
Comissão Permanente de Catalogação de Material@IdOrgao=906
Departamento Nacional de Obras Contra as Secas@IdOrgao=367
Secretaria de Avaliação e Gestão da Informação@IdOrgao=77811
Centrais de Abastecimento de Minas Gerais S.A.@IdOrgao=47838
Assessoria Especial de Assuntos Internacionais@IdOrgao=49141
Instituto Nacional de Tecnologia da Informação@IdOrgao=47388
Câmara de Regulação do Mercado de Medicamentos@IdOrgao=75804
Delegacia Regional no Estado de Santa Catarina@IdOrgao=79719
Delegacia Regional no Estado do Rio de Janeiro@IdOrgao=79720
Câmara de Recursos da Previdência Complementar@IdOrgao=105921
Comissão Permanente de Avaliação de Documentos@IdOrgao=108142
Assessoria Especial para Modernização da Gestão@IdOrgao=120295
Comissão Nacional de Autoridades Aeroportuárias@IdOrgao=120961
Embaixada do Brasil em São Vicente e Granadinas@IdOrgao=101065
Secretaria de Gestão e Infraestrutura de Portos@IdOrgao=92753
Superintendência do Desenvolvimento da Amazônia@IdOrgao=91138
Superintendência do Desenvolvimento do Nordeste@IdOrgao=91144
Secretaria de Pessoal, Ensino, Saúde e Desporto@IdOrgao=41109
Laboratório Nacional Agropecuário em Pernambuco@IdOrgao=72285
Conselho Interministerial do Açúcar e do Álcool@IdOrgao=25375
Secretaria de Fomento para Ações de Transportes@IdOrgao=74710
Câmara de Relações Exteriores e Defesa Nacional@IdOrgao=16478
Câmara de Política de Desenvolvimento Econômico@IdOrgao=78218
Escritório de Representação no Rio Grande do Sul@IdOrgao=14566
Secretaria de Serviços de Comunicação Eletrônica@IdOrgao=26868
Secretaria de Gestão Estratégica e Participativa@IdOrgao=74932
Universidade Federal do Estado do Rio de Janeiro@IdOrgao=260
Conselho de Defesa dos Direitos da Pessoa Humana@IdOrgao=319
Comissão Executiva do Plano da Lavoura Cacaueira@IdOrgao=18
Secretaria Nacional de Relações Político-Sociais@IdOrgao=72587
Comissão Nacional de População e Desenvolvimento@IdOrgao=69350
Fundação Universidade Federal da Grande Dourados@IdOrgao=84712
Centro de Tecnologia da Informação Renato Archer@IdOrgao=57952
Comitê Técnico de Atendimento às Áreas Essenciais@IdOrgao=54794
Conselho Nacional de Promoção da Igualdade Racial@IdOrgao=73242
Secretaria-Executiva da Comissão de Ética Pública@IdOrgao=71071
Conselho Deliberativo do Fundo Soberano do Brasil@IdOrgao=107107
Laboratório Nacional Agropecuário em Minas Gerais@IdOrgao=72157
Secretaria de Gestão dos Programas de Transportes@IdOrgao=74709
Secretaria da Cidadania e da Diversidade Cultural@IdOrgao=102521
Representação Regional - Tipo B - do Centro Oeste@IdOrgao=102544
Secretaria de Planejamento e Ordenamento da Pesca@IdOrgao=104021
Laboratório Nacional Agropecuário em Porto Alegre@IdOrgao=72153
Secretaria de Educação Profissional e Tecnológica@IdOrgao=1977
Fundação Universidade Federal de São João Del Rei@IdOrgao=1734
Controladoria Regional da União no Estado do Pará@IdOrgao=1375
Fundação Escola Nacional de Administração Pública@IdOrgao=956
Controladoria Regional da União no Estado do Acre@IdOrgao=1364
Fundação Instituto de Pesquisa Econômica Aplicada@IdOrgao=7
Secretaria Nacional de Esporte de Alto Rendimento@IdOrgao=74079
Secretaria de Recursos Hídricos e Ambiente Urbano@IdOrgao=8838
Comitê Gestor de Parceria Público-Privada Federal @IdOrgao=117812
Representação Regional - Tipo B - de Minas Gerais@IdOrgao=12297
Secretaria-Executiva do Conselho Nacional de Saúde@IdOrgao=3983
Secretaria de Logística e Tecnologia da Informação@IdOrgao=3495
Empresa Brasileira de Infraestrutura Aeroportuária@IdOrgao=73
Controladoria Regional da União no Estado da Bahia@IdOrgao=1367
Controladoria Regional da União no Estado do Ceará@IdOrgao=1368
Controladoria Regional da União no Estado de Goiás@IdOrgao=1370
Controladoria Regional da União no Estado do Piauí@IdOrgao=1379
Comitê de Acompanhamento e Monitoramento do PNDH-3@IdOrgao=105262
Controladoria Regional da União no Estado do Amapá@IdOrgao=45939
Comitê Gestor da Infraestrutura de Chaves Públicas@IdOrgao=56142
Gabinete-Adjunto de Informações em Apoio à Decisão@IdOrgao=93912
Conselho de Desenvolvimento do Agronegócio do Cacau@IdOrgao=57577
Empresa Brasileira de Hemoderivados e Biotecnologia@IdOrgao=83815
Secretaria de Fundos Regionais e Incentivos Fiscais@IdOrgao=115605
Secretaria-Executiva da Câmara de Comércio Exterior@IdOrgao=46440
Universidade Federal da Integração Latino-Americana@IdOrgao=105793
Secretaria de Política Regulatória de Aviação Civil@IdOrgao=115525
Secretaria do Programa de Aceleração do Crescimento@IdOrgao=115408
Secretaria de Articulação com os Sistemas de Ensino@IdOrgao=115735
Instituto Nacional de Colonização e Reforma Agrária@IdOrgao=1799
Controladoria Regional da União no Estado do Paraná@IdOrgao=1378
Conselho de Recursos do Sistema Financeiro Nacional@IdOrgao=1463
Comissão Coordenadora da Criação do Cavalo Nacional @IdOrgao=87062
Fundação Universidade Federal de Mato Grosso do Sul@IdOrgao=827
Secretaria de Políticas de Previdência Complementar@IdOrgao=2858
Superintendência de Desenvolvimento do Centro-Oeste@IdOrgao=100113
Conselho Curador do Fundo de Desenvolvimento Social@IdOrgao=14463
Laboratório Nacional Agropecuário em Pedro Leopoldo@IdOrgao=72217
Secretaria de Desenvolvimento Técnológico e Inovação@IdOrgao=75234
Secretaria de Gestão da Política de Direitos Humanos@IdOrgao=74377
Controladoria Regional da União no Estado de Sergipe@IdOrgao=9854
Secretaria de Relações Internacionais do Agronegócio@IdOrgao=81088
Banco Nacional de Desenvolvimento Econômico e Social@IdOrgao=2
Controladoria Regional da União no Estado da Paraíba@IdOrgao=1376
Controladoria Regional da União no Estado de Alagoas@IdOrgao=1365
Comissão Nacional de Erradicação do Trabalho Escravo@IdOrgao=104359
Escola da Advocacia-Geral da União Victor Nunes Leal@IdOrgao=50934
Controladoria Regional da União no Estado de Roraima@IdOrgao=45940
Comissão de Acompanhamento da Implementação do PRCPA@IdOrgao=45076
Missão do Brasil junto às Nações Unidas em Nova York@IdOrgao=39703
Consulado-Geral do Brasil em Santa Cruz de La Sierra@IdOrgao=58468
Secretaria de Políticas para Comunidades Tradicionais@IdOrgao=73237
Secretaria de Acompanhamento e Estudos Institucionais@IdOrgao=40322
Agência Brasileira Gestora de Fundos e Garantias S.A.@IdOrgao=118698
Superintendência Nacional de Previdência Complementar@IdOrgao=105915
Comitê Gestor do Programa de Inclusão Digital - CGPID@IdOrgao=109012
Controladoria Regional da União no Estado do Amazonas@IdOrgao=1366
Controladoria Regional da União no Estado do Maranhão@IdOrgao=1371
Controladoria Regional da União no Estado de Rondônia@IdOrgao=9851
Comissão Permanente de Interação de Estudos Militares @IdOrgao=77073
Secretaria de Relações de Trabalho no Serviço Público@IdOrgao=117788
Delegação Permanente do Brasil junto à UNESCO em Paris@IdOrgao=29241
Conselho Gestor do Fundo Nacional de Segurança Pública@IdOrgao=90863
Controladoria Regional da União no Estado de São Paulo@IdOrgao=9853
Instituto do Patrimônio Histórico e Artístico Nacional@IdOrgao=2045
Conselho Nacional de Política Criminal e Penitenciária@IdOrgao=320
Comissão de Estudo da Lei de Remuneração dos Militares@IdOrgao=487
Centro Federal de Educação Tecnológica de Minas Gerais@IdOrgao=445
Comitê Nacional de Enfrentamento ao Tráfico de Pessoas@IdOrgao=121734
Departamento de Ouvidoria Nacional de Direitos Humanos@IdOrgao=104328
Centro Nacional de Tecnologia Eletrônica Avançada S. A@IdOrgao=98519
Representação Permanente do Brasil junto à FAO em Roma@IdOrgao=72518
Controladoria Regional da União no Estado de Tocantins@IdOrgao=45941
Conselho Nacional do Desenvolvimento Rural Sustentável@IdOrgao=44396
Fundação Universidade Federal do Vale do São Francisco@IdOrgao=69624
Secretaria de Planejamento e Desenvolvimento Portuário@IdOrgao=92752
Conselho Nacional de Controle de Experimentação Animal@IdOrgao=103225
Departamento Nacional de Infraestrutura de Transportes@IdOrgao=54844
Consulado-Geral do Brasil em Saint Georges de I Oyapock@IdOrgao=109503
Secretaria de Mudanças Climáticas e Qualidade Ambiental@IdOrgao=38336
Companhia de Armazéns e Silos do Estado de Minas Gerais@IdOrgao=47839
Delegacia Federal de Desenvolvimento Agrário de Sergipe@IdOrgao=77452
Instituto Chico Mendes de Conservação da Biodiversidade@IdOrgao=91842
Conselho Interministerial para Projetos Transformadores  @IdOrgao=121658
Superintendência Federal de Pesca e Aquicultura no Pará@IdOrgao=104151
Superintendência Federal de Pesca e Aquicultura no Acre@IdOrgao=104163
Secretaria de Planejamento e Ordenamento da Aquicultura@IdOrgao=103994
Escritório de Representação no Estado do Rio de Janeiro@IdOrgao=115586
Controladoria Regional da União no Estado de Pernambuco@IdOrgao=1377
Secretaria de Planejamento e Desenvolvimento Energético@IdOrgao=1917
Secretaria de Planejamento e Investimentos Estratégicos@IdOrgao=2033
Conselho Deliberativo do Fundo de Amparo ao Trabalhador@IdOrgao=2761
Superintendência Regional do Trabalho e Emprego no Pará@IdOrgao=3450
Superintendência Regional do Trabalho e Emprego no Acre@IdOrgao=3481
Secretaria de Gestão do Trabalho e da Educação na Saúde@IdOrgao=23666
Companhia de Entrepostos e Armazéns Gerais de São Paulo @IdOrgao=29415
Secretaria de Ciência e Tecnologia para Inclusão Social@IdOrgao=75229
Conselho de Transparência Pública e Combate à Corrupção@IdOrgao=74902
Secretaria Nacional de Transporte e da Mobilidade Urbana@IdOrgao=74019
Superintendência Regional do Trabalho e Emprego no Amapá@IdOrgao=3492
Conselho Deliberativo do Desenvolvimento do Centro-Oeste@IdOrgao=3498
Superintendência Regional do Trabalho e Emprego em Goiás@IdOrgao=3434
Superintendência Regional do Trabalho e Emprego no Ceará@IdOrgao=2876
Superintendência Regional do Trabalho e Emprego no Piauí@IdOrgao=2946
Superintendência Regional do Trabalho e Emprego na Bahia@IdOrgao=2947
Conselho Deliberativo do Fundo Nacional do Meio Ambiente@IdOrgao=1992
Instituto de Pesquisas Jardim Botânico do Rio de Janeiro@IdOrgao=1913
Controladoria Regional da União no Estado do Mato Grosso@IdOrgao=1374
Comissão Assessora de Ciência e Tecnologia para a Defesa@IdOrgao=1414
Universidade Federal dos Vales do Jequitinhonha e Mucuri@IdOrgao=460
Instituto Nacional de Metrologia, Qualidade e Tecnologia@IdOrgao=240
Fundação Instituto Brasileiro de Geografia e Estatística@IdOrgao=3
Superintendência Federal de Pesca e Aquicultura na Bahia@IdOrgao=104195
Superintendência Federal de Pesca e Aquicultura no Ceará@IdOrgao=104215
Superintendência Federal de Pesca e Aquicultura no Piauí@IdOrgao=104227
Comissão Especial sobre Mortos e Desaparecidos Políticos@IdOrgao=104323
Superintendência Federal de Pesca e Aquicultura no Amapá@IdOrgao=104171
Superintendência Federal de Pesca e Aquicultura em Goiás@IdOrgao=104175
Secretaria Nacional de Segurança Alimentar e Nutricional@IdOrgao=77782
Conselho Nacional dos Direitos da Pessoa com Deficiência@IdOrgao=41036
Conselho Deliberativo do Sistema de Proteção da Amazônia@IdOrgao=43072
Secretaria de Ciência, Tecnologia e Insumos Estratégicos@IdOrgao=74931
Secretaria de Geologia, Mineração e Transformação Mineral@IdOrgao=80058
Comitê Gestor dos Jogos Olímpicos e Paraolímpicos de 2016@IdOrgao=120391
Secretaria Nacional de Acessibilidade e Programas Urbanos@IdOrgao=74024
Superintendência Federal de Pesca e Aquicultura no Paraná@IdOrgao=104130
Secretaria de Regulação e Supervisão da Educação Superior@IdOrgao=115734
Empresa de Tecnologia e Informações da Previdência Social@IdOrgao=303
Comissão de Estudos de Alimentação para as Forças Armadas@IdOrgao=488
Controladoria Regional da União no Estado de Minas Gerais@IdOrgao=1372
Superintendência Regional do Trabalho e Emprego no Paraná@IdOrgao=2938
Conselho Curador do Fundo de Garantia do Tempo de Serviço@IdOrgao=2259
Secretaria de Articulação Institucional e Ações Temáticas@IdOrgao=73485
Conselho Nacional dos Direitos da Criança e do Adolescente@IdOrgao=3319
Superintendência Regional do Trabalho e Emprego na Paraíba@IdOrgao=3496
Superintendência Regional do Trabalho e Emprego em Roraima@IdOrgao=3501
Superintendência Regional do Trabalho e Emprego em Sergipe@IdOrgao=3502
Superintendência Regional do Trabalho e Emprego em Alagoas@IdOrgao=3482
Instituto Brasileiro de Informação em Ciência e Tecnologia@IdOrgao=12
Superintendência Federal de Pesca e Aquicultura em Sergipe@IdOrgao=104219
Superintendência Federal de Pesca e Aquicultura no Alagoas@IdOrgao=104191
Secretaria de Enfrentamento à Violência Contra as Mulheres@IdOrgao=105908
Superintendência Federal de Pesca e Aquicultura na Paraíba@IdOrgao=104211
Superintendência Federal de Pesca e Aquicultura em Roraima@IdOrgao=104159
Instituto Federal de Educação, Ciência e Tecnologia Goiano@IdOrgao=100913
Instituto Federal de Educação, Ciência e Tecnologia Baiano@IdOrgao=100920
Representação Brasileira na Junta Interamericana de Defesa@IdOrgao=41930
Comitê Para o Desenvolvimento Integral da Primeira Infância@IdOrgao=51124
Instituto Federal de Educação, Ciência e Tecnologia do Acre@IdOrgao=94427
Secretaria Extraordinária para Superação da Extrema Pobreza@IdOrgao=77868
Instituto Federal de Educação, Ciência e Tecnologia do Pará@IdOrgao=100917
Conselho Interministerial de Estoques Públicos de Alimentos@IdOrgao=121596
Superintendência Federal de Pesca e Aquicultura no Amazonas@IdOrgao=104167
Superintendência Federal de Pesca e Aquicultura no Maranhão@IdOrgao=104183
Superintendência Federal de Pesca e Aquicultura em Rondônia@IdOrgao=104155
Grupo de Articulação e Integração do Gerenciamento Costeiro@IdOrgao=108320
Secretaria Extraordinária de Segurança para Grandes Eventos@IdOrgao=116389
Coordenação de Aperfeiçoamento de Pessoal de Nível Superior@IdOrgao=250
Controladoria Regional da União no Estado do Espírito Santo@IdOrgao=1369
Assessoria Especial de Assuntos Federativos e Parlamentares@IdOrgao=1740
Superintendência Regional do Trabalho e Emprego no Amazonas@IdOrgao=3483
Superintendência Regional do Trabalho e Emprego no Maranhão@IdOrgao=3493
Superintendência Regional do Trabalho e Emprego em Rondônia@IdOrgao=3499
Secretaria de Desenvolvimento Agropecuário e Cooperativismo@IdOrgao=3520
Agência Nacional do Petróleo, Gás Natural e Biocombustíveis@IdOrgao=25281
Controladoria Regional da União no Estado de Santa Catarina@IdOrgao=9852
Controladoria Regional da União no Estado do Rio de Janeiro@IdOrgao=9848
Superintendência Regional do Trabalho e Emprego em São Paulo@IdOrgao=3480
Superintendência Regional do Trabalho e Emprego em Tocantins@IdOrgao=3503
Secretaria do Conselho de Desenvolvimento Econômico e Social@IdOrgao=72082
Instituto Federal de Educação, Ciência e Tecnologia de Goiás@IdOrgao=451
Instituto Federal de Educação, Ciência e Tecnologia da Bahia@IdOrgao=444
Instituto Federal de Educação, Ciência e Tecnologia do Piauí@IdOrgao=434
Comitê de Coordenação dos Programas do Ministério da Justiça@IdOrgao=108328
Comitê Gestor de Segurança Pública e Assuntos Penitenciários @IdOrgao=108430
Superintendência Federal de Pesca e Aquicultura em Tocantins@IdOrgao=104179
Superintendência Federal de Pesca e Aquicultura em São Paulo@IdOrgao=104147
Instituto Federal de Educação, Ciência e Tecnologia do Ceará@IdOrgao=100911
Instituto Federal de Educação, Ciência e Tecnologia do Amapá@IdOrgao=94428
Delegacia Federal de Desenvolvimento Agrário no Estado Amapá@IdOrgao=77440
Instituto Federal de Educação, Ciência e Tecnologia do Paraná@IdOrgao=49103
Secretaria de Petróleo, Gás Natural e Combustíveis Renováveis@IdOrgao=80045
Secretaria de Articulação Institucional e Cidadania Ambiental@IdOrgao=92934
Secretaria de Monitoramento e Controle da Pesca e Aquicultura@IdOrgao=104048
Secretaria de Infraestrutura e Fomento da Pesca e Aquicultura@IdOrgao=104085
Superintendência Federal de Pesca e Aquicultura em Pernambuco@IdOrgao=104207
Conselho Nacional de Desenvolvimento Científico e Tecnológico@IdOrgao=8
Superintendência Regional do Trabalho e Emprego em Pernambuco@IdOrgao=3458
Secretaria Nacional de Promoção e Defesa dos Direitos Humanos@IdOrgao=74378
Instituto Federal de Educação, Ciência e Tecnologia Fluminense@IdOrgao=100931
Secretaria Nacional de Programas de Desenvolvimento do Turismo@IdOrgao=73570
Instituto Federal de Educação, Ciência e Tecnologia de Alagoas@IdOrgao=100900
Controladoria Regional da União no Estado do Rio Grande do Sul@IdOrgao=9850
Superintendência Regional do Trabalho e Emprego em Mato Grosso@IdOrgao=2877
Instituto Federal de Educação, Ciência e Tecnologia de Roraima@IdOrgao=3561
Superintendência Federal de Pesca e Aquicultura em Mato Grosso@IdOrgao=104223
Secretaria de Extrativismo e Desenvolvimento Rural Sustentável@IdOrgao=92930
Comitê Gestor do Imposto sobre a Propriedade Territorial Rural @IdOrgao=102040
Instituto Federal de Educação, Ciência e Tecnologia de Sergipe@IdOrgao=100909
Centro Gestor e Operacional do Sistema de Proteção da Amazônia@IdOrgao=44072
Instituto Federal de Educação, Ciência e Tecnologia da Paraíba@IdOrgao=100905
Delegacia Federal de Desenvolvimento Agrário no Estado do Pará@IdOrgao=77435
Delegacia Federal de Desenvolvimento Agrário no Estado do Acre@IdOrgao=77439
Delegacia Federal de Desenvolvimento Agrário no Estado do Piauí@IdOrgao=77444
Delegacia Federal de Desenvolvimento Agrário no Estado da Bahia @IdOrgao=77429
Delegacia Federal de Desenvolvimento Agrário no Estado do Ceará @IdOrgao=77431
Comitê Permanente do Fundo de Terras e do Reordenamento Agrário@IdOrgao=110100
Delegacia Federal de Desenvolvimento Agrário no Estado do Goiás@IdOrgao=77451
Instituto Federal de Educação, Ciência e Tecnologia Farroupilha@IdOrgao=100906
Instituto Federal de Educação, Ciência e Tecnologia de Rondônia@IdOrgao=100907
Secretaria de Prevenção da Corrupção e Informações Estratégicas@IdOrgao=88772
Instituto Federal de Educação, Ciência e Tecnologia do Amazonas@IdOrgao=100910
Instituto Federal de Educação, Ciência e Tecnologia do Maranhão@IdOrgao=100921
Instituto Federal de Educação, Ciência e Tecnologia Catarinense@IdOrgao=100919
Superintendência Federal de Pesca e Aquicultura em Minas Gerais@IdOrgao=104231
Superintendência Regional do Trabalho e Emprego em Minas Gerais@IdOrgao=3460
Conselho Federal Gestor do Fundo de Defesa dos Direitos Difusos@IdOrgao=8156
Instituto Federal de Educação, Ciência e Tecnologia de Brasília@IdOrgao=94430
Comissão Nacional Permanente do Tratado de Cooperação Amazônica@IdOrgao=72520
Comitê Interministerial da Inclusão Social de Catadores de Lixo@IdOrgao=76136
Controladoria Regional da União no Estado do Mato Grosso do Sul@IdOrgao=1373
Centro Federal de Educação Tecnológica ´Celso Suckow da Fonseca´@IdOrgao=448
Instituto Federal de Educação, Ciência e Tecnologia de São Paulo@IdOrgao=453
Controladoria Regional da União no Estado do Rio Grande do Norte@IdOrgao=9849
Secretaria Nacional de Futebol e Defesa dos Direitos do Torcedor@IdOrgao=116538
Instituto Federal de Educação, Ciência e Tecnologia do Tocantins@IdOrgao=100908
Comissão de Gestão da Informática e Sistematização da Informação@IdOrgao=76812
Secretaria de Coordenação e Acompanhamento de Assuntos Militares@IdOrgao=77716
Delegacia Federal de Desenvolvimento Agrário no Distrito Federal@IdOrgao=77430
Delegacia Federal de Desenvolvimento Agrário no Estado do Paraná@IdOrgao=77436
Delegacia Federal de Desenvolvimento Agrário no Estado do Alagoas           @IdOrgao=77442
Delegacia Federal de Desenvolvimento Agrário no Estado da Paraíba@IdOrgao=77445
Delegacia Federal de Desenvolvimento Agrário no Estado de Roraima@IdOrgao=77450
Comissão Nacional de Alfabetização e Educação de Jovens e Adultos@IdOrgao=75909
Instituto Federal de Educação, Ciência e Tecnologia de Pernambuco@IdOrgao=100922
Superintendência Federal de Pesca e Aquicultura no Rio de Janeiro@IdOrgao=104139
Superintendência Federal de Pesca e Aquicultura no Espírito Santo@IdOrgao=104143
Secretaria Nacional de Esporte, Educação, Lazer e Inclusão Social@IdOrgao=116516
Superintendência Federal de Pesca e Aquicultura em Santa Catarina@IdOrgao=104199
Comitê Gestor dos Parques Aquicolas do Açude Público Padre Cícero@IdOrgao=108086
Superintendência Regional do Trabalho e Emprego no Rio de Janeiro@IdOrgao=3478
Subchefia de Análise e Acompanhamento de Políticas Governamentais@IdOrgao=3152
Superintendência Regional do Trabalho e Emprego em Santa Catarina@IdOrgao=3459
Superintendência Regional do Trabalho e Emprego no Espírito Santo@IdOrgao=2875
Secretaria de Políticas e Programas de Pesquisa e Desenvolvimento@IdOrgao=2055
Conselho Nacional das Zonas de Processamento de Exportação - CZPE@IdOrgao=1781
Fundação Universidade Federal de Ciências da Saúde de Porto Alegre@IdOrgao=970
Agência Brasileira Gestora de Fundos Garantidores e Garantias S.A.@IdOrgao=121822
Instituto Federal de Educação, Ciência e Tecnologia do Mato Grosso@IdOrgao=100916
Delegacia Federal de Desenvolvimento Agrário no Estado de Rondônia@IdOrgao=77449
Delegacia Federal de Desenvolvimento Agrário no Estado do Maranhão@IdOrgao=77446
Delegacia Federal de Desenvolvimento Agrário no Estado do Amazonas @IdOrgao=77441
Delegação do Brasil junto à OMC e a outras Organizações Econômicas@IdOrgao=97682
Conselho Gestor do Fundo Nacional de Habitação de Interesse Social@IdOrgao=89595
Missão do Brasil Junto à Comunidade dos Países de Lingua Portuguesa @IdOrgao=88555
Delegacia Federal de Desenvolvimento Agrário no Estado de São Paulo@IdOrgao=77432
Delegacia Federal de Desenvolvimento Agrário do Estado de Tocantins@IdOrgao=77453
Delegacia Federal de Desenvolvimento Agrário do Rio Grande do Norte@IdOrgao=77454
Instituto Federal de Educação, Ciência e Tecnologia de Minas Gerais@IdOrgao=100914
Superintendência Federal de Pesca e Aquicultura no Distrito Federal@IdOrgao=104134
Superintendência Regional do Trabalho e Emprego no Distrito Federal@IdOrgao=3504
Superintendência Regional do Trabalho e Emprego no Rio Grande do Sul@IdOrgao=3479
Representação Regional - Tipo A - do Rio de Janeiro e Espírito Santo@IdOrgao=2509
Superintendência Federal de Pesca e Aquicultura no Rio Grande do Sul@IdOrgao=104203
Delegacia Federal de Desenvolvimento Agrário no Estado de Pernambuco@IdOrgao=77437
Delegacia Federal de Desenvolvimento Agrário no Estado do Mato Grosso@IdOrgao=77434
Delegação Permanente do Brasil junto à Aladi e Mercosul em Montevidéu@IdOrgao=49699
Comissão Interministerial de Controle de Exportação de Bens Sensíveis@IdOrgao=107970
Universidade da Integração Internacional da Lusofonia Afro-Brasileira@IdOrgao=109912
Comitê de Implementação do Programa Nacional de Segurança do Paciente @IdOrgao=121888
Superintendência Federal de Pesca e Aquicultura em Mato Grosso do Sul@IdOrgao=104126
Instituto Federal de Educação, Ciência e Tecnologia do Espírito Santo@IdOrgao=100912
Superintendência Regional do Trabalho e Emprego em Mato Grosso do Sul@IdOrgao=3494
Câmara de Políticas de Integração Nacional e Desenvolvimento Regional @IdOrgao=6573
Instituto Federal de Educação, Ciência e Tecnologia do Rio de Janeiro@IdOrgao=100930
Instituto Federal de Educação, Ciência e Tecnologia de Santa Catarina@IdOrgao=455
Companhia de Desenvolvimento dos Vales do São Francisco e do Parnaíba@IdOrgao=169
Fundação Jorge Duprat Figueiredo, de Segurança e Medicina do Trabalho@IdOrgao=221
Instituto Nacional de Estudos e Pesquisas Educacionais Anísio Teixeira@IdOrgao=249
Instituto Federal de Educação, Ciência e Tecnologia  Sul-Rio-Grandense@IdOrgao=456
Superintendência Regional do Trabalho e Emprego no Rio Grande do Norte@IdOrgao=3497
Departamento de Divulgação e Promoção da Temática dos Direitos Humanos@IdOrgao=104324
Secretaria Nacional de Promoção dos Direitos da Pessoa com Deficiência@IdOrgao=104340
Superintendência Federal de Pesca e Aquicultura no Rio Grande do Norte@IdOrgao=104187
Comitê de Integração das Políticas de Planejamento, Orçamento e Gestão@IdOrgao=117805
Delegacia Federal de Desenvolvimento Agrário no Estado de Minas Gerais@IdOrgao=77433
Comitê Nacional de Mobilização pela Saúde, Segurança e Paz no Trânsito@IdOrgao=95220
Secretaria Extraordinária de Regularização Fundiária na Amazônia Legal@IdOrgao=109977
Grupo Executivo para Recuperação Econômica do Estado do Espírito Santo@IdOrgao=52033
Secretaria de Avaliação de Políticas e Autonomia Econômica das Mulheres@IdOrgao=73475
Instituto Federal de Educação, Ciência e Tecnologia do Triângulo Mineiro@IdOrgao=100903
Instituto Brasileiro do Meio Ambiente e dos Recursos Naturais Renováveis@IdOrgao=1812
Comitê Gestor Interministerial da Subvenção ao Prêmio do Seguro-Garantia @IdOrgao=78067
Secretaria de Educação Continuada, Alfabetização, Diversidade e Inclusão@IdOrgao=75510
Secretaria Nacional de Promoção dos Direitos da Criança e do Adolescente@IdOrgao=74380
Delegacia Federal de Desenvolvimento Agrário no Estado do Espirito Santo@IdOrgao=77443
Delegacia Federal de Desenvolvimento Agrário no Estado do Rio de Janeiro@IdOrgao=77448
Delegacia Federal de Desenvolvimento Agrário no Estado de Santa Catarina@IdOrgao=77455
Instituto Federal de Educação, Ciência e Tecnologia do Rio Grande do Sul@IdOrgao=100918
Instituto Federal de Educação, Ciência e Tecnologia do Mato Grosso do Sul@IdOrgao=100904
Missão do Brasil junto à Organização dos Estados Americanos em Washington@IdOrgao=70700
Instituto Federal de Educação, Ciência e Tecnologia do Sertão Pernambucano@IdOrgao=46784
Instituto Federal de Educação, Ciência e Tecnologia do Sul de Minas Gerais@IdOrgao=100915
Instituto Federal de Educação, Ciência e Tecnologia do Rio Grande do Norte@IdOrgao=439
Comissão Permanente para Licitação Internacional de Produtos Farmacêuticos@IdOrgao=3596
Delegacia Federal de Desenvolvimento Agrário no Estado do Rio Grande do Sul@IdOrgao=77438
Delegacia Federal de Desenvolvimento Agrário no Estado do Mato Grosso do Sul@IdOrgao=77447
Seção Nacional Brasileira do Instituto Pan-Americano de Geografia e História@IdOrgao=72519
Instituto Federal de Educação, Ciência e Tecnologia do Norte de Minas Gerais@IdOrgao=100901
Comissão Permanente dos Serviços de Saúde da Marinha, Exército e Aeronáutica@IdOrgao=489
Instituto Federal de Educação, Ciência e Tecnologia do Sudeste de Minas Gerais@IdOrgao=100902
Conselho Diretor do Fundo Nacional de Desenvolvimento Científico e Tecnológico@IdOrgao=94467
Comitê de Coordenação Gerencial das Instituições Financeiras Públicas Federais@IdOrgao=71665
Comissão Permanente para o Desenvolvimento e a Integração da Faixa de Fronteira@IdOrgao=110676
Conselho Nacional de Metrologia, Normalização e Qualidade Industrial - CONMETRO@IdOrgao=230
Comitê de Gestão das Carreiras do Ministério do Planejamento, Orçamento e Gestão@IdOrgao=117804
Conselho Administrativo da Região Integrada de Desenvolvimento da Grande Teresina@IdOrgao=89754
Delegação Permanente do Brasil junto à Organizaçõa de Aviação Civil Internacional@IdOrgao=97683
Comissão de Coordenação das Atividades de Meteorologia, Climatologia e Hidrologia@IdOrgao=36686
Coordenação Tripartite da Política Nacional de Enfrentamento ao Tráfico de Pessoas @IdOrgao=121733
Conselho de Participação em Fundos Garantidores de Operações de Comércio Exteriror@IdOrgao=118707
Secretaria-Executiva do Conselho Nacional das Zonas de Processamento de Exportação@IdOrgao=103292
Fundação de Previdência Complementar do Servidor Público Federal do Poder Executivo@IdOrgao=120397
Conselho Nacional de Combate à Pirataria e Delitos contra a Propriedade Intelectual@IdOrgao=79693
Superintendência Federal de Agricultura, Pecuária e Abastecimento no Estado do Pará@IdOrgao=2795
Superintendência Federal de Agricultura, Pecuária e Abastecimento no Estado do Acre@IdOrgao=2798
Superintendência Federal de Agricultura, Pecuária e Abastecimento no Estado do Amapá@IdOrgao=2799
Superintendência Federal de Agricultura, Pecuária e Abastecimento no Estado da Bahia@IdOrgao=2788
Superintendência Federal de Agricultura, Pecuária e Abastecimento no Estado do Ceará@IdOrgao=2789
Superintendência Federal de Agricultura, Pecuária e Abastecimento no Estado do Piauí@IdOrgao=2803
Superintendência Federal de Agricultura, Pecuária e Abastecimento no Estado de Goiás@IdOrgao=2791
Secretaria de Planejamento e Formulação de Políticas de Promoção da Igualdade Racial@IdOrgao=73235
Comitê Gestor de Acompanhamento de Compromissos Relativos à Integração Sul-americana@IdOrgao=95203
Conselho Consultivo e de Acompanhamento do Fundo de Combate e Erradicação da Pobreza@IdOrgao=77871
Superintendência Federal de Agricultura, Pecuária e Abastecimento no Estado do Paraná@IdOrgao=2776
Superintendência Federal de Agricultura, Pecuária e Abastecimento no Distrito Federal@IdOrgao=2802
Superintendência Federal de Agricultura, Pecuária e Abastecimento no Estado de Alagoas@IdOrgao=2787
Superintendência Federal de Agricultura, Pecuária e Abastecimento no Estado da Paraíba@IdOrgao=2796
Superintendência Federal de Agricultura, Pecuária e Abastecimento no Estado de Roraima@IdOrgao=2816
Superintendência Federal de Agricultura, Pecuária e Abastecimento no Estado de Sergipe@IdOrgao=2817
Assessoria Especial de Acompanhamento de Políticas, Estratégias e Desempenho Setoriais@IdOrgao=120308
Superintendência Federal de Agricultura, Pecuária e Abastecimento no Estado de Rondônia@IdOrgao=2813
Superintendência Federal de Agricultura, Pecuária e Abastecimento no Estado do Amazonas@IdOrgao=2800
Superintendência Federal de Agricultura, Pecuária e Abastecimento no Estado do Maranhão@IdOrgao=2792
Superintendência Federal de Agricultura, Pecuária e Abastecimento no Estado de São Paulo@IdOrgao=2783
Superintendência Federal de Agricultura, Pecuária e Abastecimento no Estado de Tocantins@IdOrgao=2818
Empresa Brasileira de Administração de Petróleo e Gás Natural S.A.- Pré-Sal Petróleo S.A@IdOrgao=109913
Superintendência Federal de Agricultura, Pecuária e Abastecimento no Estado de Pernambuco@IdOrgao=2797
Superintendência Federal de Agricultura, Pecuária e Abastecimento no Estado do Mato Grosso@IdOrgao=2793
Seção Nacional de Coordenação dos Assuntos Relativos à Área de Livre Comércio das Américas@IdOrgao=24393
Superintendência Federal de Agricultura, Pecuária e Abastecimento no Estado de Minas Gerais@IdOrgao=2773
Conselho Administrativo da Região Integrada de Desenvolvimento do Pólo Petrolina e Juazeiro@IdOrgao=89755
Delegação Permanente do Brasil junto à ONU, OMC e demais Organismos Internacionais em Genebra@IdOrgao=39702
Comissão Nacional para Difusão e Implementação do Direito Internacional Humanitário no Brasil@IdOrgao=96041
Superintendência Federal de Agricultura, Pecuária e Abastecimento no Estado do Rio de Janeiro@IdOrgao=2780
Superintendência Federal de Agricultura, Pecuária e Abastecimento no Estado de Santa Catarina@IdOrgao=2781
Superintendência Federal de Agricultura, Pecuária e Abastecimento no Estado do Espírito Santo@IdOrgao=2790
Superintendência Federal de Agricultura, Pecuária e Abastecimento no Estado do Rio Grande do Sul@IdOrgao=2779
Comissão de Desenvolvimento do Projeto e da Implantação do Sistema Militar de Comando e Controle@IdOrgao=1736
Superintendência Federal de Agricultura, Pecuária e Abastecimento no Estado de Mato Grosso do Sul@IdOrgao=2794
Comitê Interministerial de Gestão das Ações Governamentais nos V Jogos Mundiais Militares RIO2011@IdOrgao=117850
Superintendência Federal de Agricultura, Pecuária e Abastecimento no Estado do Rio Grande do Norte@IdOrgao=2808
Grupo-Executivo para Coordenação e Acompanhamento do Programa Emergencial de Combate aos Efeitos da Seca@IdOrgao=40600
Comissão de Desenvolvimento do Projeto e da Implantação do Sistema de Comunicações Militares por Satélite@IdOrgao=27702
Seção Nacional de Coordenação dos Assuntos Relacionados à Associação Inter-Regional Mercosul-União Européia@IdOrgao=46785
Conselho de Participação em Fundos Garantid. para Cobert. de Risc. em Proj. de Infraestrutura de Grande Vulto@IdOrgao=118711
Comitê Intersetorial de Acompanhamento e Monitoramento da Política Nacional para População em Situação de Rua@IdOrgao=105374
Comitê de Acompanhamento da Implementação do Plano de Ação da Cúpula Mundial da Alimentação da Organização das@IdOrgao=58983
Grupo de Gerenciamento para Fortalecimento das Ações do Programa Brasil Empreendedor/Micro, Peq. e Médias Empr@IdOrgao=60446
Conselho de Recursos do Sistema Nacional de Seguros Privados, de Previdência Privada Aberta e de Capitalização@IdOrgao=35620