Ministro de Estado da Agricultura, Pecuária e Abastecimento@IdOrgao=14
Ministro de Estado da Educação@IdOrgao=244
Ministro de Estado das Relações Exteriores@IdOrgao=263
Ministro de Estado da Saúde@IdOrgao=304
Ministro de Estado da Justiça@IdOrgao=316
Ministro de Estado da Cultura@IdOrgao=1926
Ministro de Estado do Meio Ambiente@IdOrgao=1927
Ministro de Estado da Fazenda@IdOrgao=1929
Ministro de Estado da Previdência Social@IdOrgao=1930
Ministro de Estado do Desenvolvimento Social e Combate à Fome@IdOrgao=1945
Ministro de Estado do Turismo@IdOrgao=72084
Ministro de Estado da Pesca e Aquicultura@IdOrgao=72083
Ministro de Estado da Ciência, Tecnologia e Inovação@IdOrgao=1988
Ministro de Estado do Trabalho e Emprego@IdOrgao=2844
Ministro de Estado dos Transportes@IdOrgao=2846
Ministro de Estado de Minas e Energia@IdOrgao=2852
Ministro de Estado do Planejamento, Orçamento e Gestão@IdOrgao=2981
Ministro de Estado das Comunicações@IdOrgao=3159
Ministro de Estado do Desenvolvimento, Indústria e Comércio Exterior@IdOrgao=3162
Ministro de Estado do Desenvolvimento Agrário@IdOrgao=17125
Ministro de Estado do Esporte@IdOrgao=36670
Ministro de Estado da Defesa@IdOrgao=41066
Ministro de Estado da Integração Nacional@IdOrgao=42670
Ministro de Estado das Cidades@IdOrgao=42672
Ministro de Estado da Pesca e Aquicultura@IdOrgao=103462
Ministro de Estado Chefe da Casa Civil 

Ministra de Estado da Agricultura, Pecuária e Abastecimento@IdOrgao=14
Ministra de Estado da Educação@IdOrgao=244
Ministra de Estado das Relações Exteriores@IdOrgao=263
Ministra de Estado da Saúde@IdOrgao=304
Ministra de Estado da Justiça@IdOrgao=316
Ministra de Estado da Cultura@IdOrgao=1926
Ministra de Estado do Meio Ambiente@IdOrgao=1927
Ministra de Estado da Fazenda@IdOrgao=1929
Ministra de Estado da Previdência Social@IdOrgao=1930
Ministra de Estado do Desenvolvimento Social e Combate à Fome@IdOrgao=1945
Ministra de Estado do Turismo@IdOrgao=72084
Ministra de Estado da Pesca e Aquicultura@IdOrgao=72083
Ministra de Estado da Ciência, Tecnologia e Inovação@IdOrgao=1988
Ministra de Estado do Trabalho e Emprego@IdOrgao=2844
Ministra de Estado dos Transportes@IdOrgao=2846
Ministra de Estado de Minas e Energia@IdOrgao=2852
Ministra de Estado do Planejamento, Orçamento e Gestão@IdOrgao=2981
Ministra de Estado das Comunicações@IdOrgao=3159
Ministra de Estado do Desenvolvimento, Indústria e Comércio Exterior@IdOrgao=3162
Ministra de Estado do Desenvolvimento Agrário@IdOrgao=17125
Ministra de Estado do Esporte@IdOrgao=36670
Ministra de Estado da Defesa@IdOrgao=41066
Ministra de Estado da Integração Nacional@IdOrgao=42670
Ministra de Estado das Cidades@IdOrgao=42672
Ministra de Estado da Pesca e Aquicultura@IdOrgao=103462
Ministra de Estado Chefe da Casa Civil 
 