Ministro de Estado da Agricultura, Pecuária e Abastecimento@IdOrgao=14@Sinonimo=Ministério da Agricultura, Pecuária e Abastecimento    
Ministro de Estado da Educação@IdOrgao=244@Sinonimo=Ministério da Educação
Ministro de Estado das Relações Exteriores@IdOrgao=263@Sinonimo=Ministério das Relações Exteriores
Ministro de Estado da Saúde@IdOrgao=304@Sinonimo=Ministério da Saúde
Ministro de Estado da Justiça@IdOrgao=316@Sinonimo=Ministério da Justiça
Ministro de Estado da Cultura@IdOrgao=1926@Sinonimo=Ministério da Cultura
Ministro de Estado do Meio Ambiente@IdOrgao=1927@Sinonimo=Ministério do Meio Ambiente
Ministro de Estado da Fazenda@IdOrgao=1929@Sinonimo=Ministério da Fazenda
Ministro de Estado da Previdência Social@IdOrgao=1930@Sinonimo=Ministério da Previdência Social
Ministro de Estado do Desenvolvimento Social e Combate à Fome@IdOrgao=1945@Sinonimo=Ministério do Desenvolvimento Social e Combate à Fome
Ministro de Estado do Turismo@IdOrgao=72084@Sinonimo=Ministério do Turismo
Ministro de Estado da Pesca e Aquicultura@IdOrgao=72083@Sinonimo=Ministério da Pesca e Aquicultura
Ministro de Estado da Ciência, Tecnologia e Inovação@IdOrgao=1988@Sinonimo=Ministério da Ciência, Tecnologia e Inovação
Ministro de Estado do Trabalho e Emprego@IdOrgao=2844@Sinonimo=Ministério do Trabalho e Emprego
Ministro de Estado dos Transportes@IdOrgao=2846@Sinonimo=Ministério dos Transportes 
Ministro de Estado de Minas e Energia@IdOrgao=2852@Sinonimo=Ministério de Minas e Energia
Ministro de Estado do Planejamento, Orçamento e Gestão@IdOrgao=2981@Sinonimo=Ministério do Planejamento, Orçamento e Gestão
Ministro de Estado das Comunicações@IdOrgao=3159@Sinonimo=Ministério das Comunicações
Ministro de Estado do Desenvolvimento, Indústria e Comércio Exterior@IdOrgao=3162@Sinonimo=Ministério do Desenvolvimento, Indústria e Comércio Exterior
Ministro de Estado do Desenvolvimento Agrário@IdOrgao=17125@Sinonimo=Ministério do Desenvolvimento Agrário
Ministro de Estado do Esporte@IdOrgao=36670@Sinonimo=Ministério do Esporte
Ministro de Estado da Defesa@IdOrgao=41066@Sinonimo=Ministério da Defesa  
Ministro de Estado da Integração Nacional@IdOrgao=42670@Sinonimo=Ministério da Integração Nacional 
Ministro de Estado das Cidades@IdOrgao=42672@Sinonimo=Ministério das Cidades
Ministro de Estado da Pesca e Aquicultura@IdOrgao=103462@Sinonimo=Ministério da Pesca e Aquicultura
Ministro de Estado Chefe da Casa Civil@IdOrgao=0@Sinonimo=Casa Civil da Presidência da República 

Ministra de Estado da Agricultura, Pecuária e Abastecimento@IdOrgao=14@Sinonimo=Ministério da Agricultura, Pecuária e Abastecimento    
Ministra de Estado da Educação@IdOrgao=244@Sinonimo=Ministério da Educação
Ministra de Estado das Relações Exteriores@IdOrgao=263@Sinonimo=Ministério das Relações Exteriores
Ministra de Estado da Saúde@IdOrgao=304@Sinonimo=Ministério da Saúde
Ministra de Estado da Justiça@IdOrgao=316@Sinonimo=Ministério da Justiça
Ministra de Estado da Cultura@IdOrgao=1926@Sinonimo=Ministério da Cultura
Ministra de Estado do Meio Ambiente@IdOrgao=1927@Sinonimo=Ministério do Meio Ambiente
Ministra de Estado da Fazenda@IdOrgao=1929@Sinonimo=Ministério da Fazenda
Ministra de Estado da Previdência Social@IdOrgao=1930@Sinonimo=Ministério da Previdência Social
Ministra de Estado do Desenvolvimento Social e Combate à Fome@IdOrgao=1945@Sinonimo=Ministério do Desenvolvimento Social e Combate à Fome
Ministra de Estado do Turismo@IdOrgao=72084@Sinonimo=Ministério do Turismo
Ministra de Estado da Pesca e Aquicultura@IdOrgao=72083@Sinonimo=Ministério da Pesca e Aquicultura
Ministra de Estado da Ciência, Tecnologia e Inovação@IdOrgao=1988@Sinonimo=Ministério da Ciência, Tecnologia e Inovação
Ministra de Estado do Trabalho e Emprego@IdOrgao=2844@Sinonimo=Ministério do Trabalho e Emprego
Ministra de Estado dos Transportes@IdOrgao=2846@Sinonimo=Ministério dos Transportes 
Ministra de Estado de Minas e Energia@IdOrgao=2852@Sinonimo=Ministério de Minas e Energia
Ministra de Estado do Planejamento, Orçamento e Gestão@IdOrgao=2981@Sinonimo=Ministério do Planejamento, Orçamento e Gestão
Ministra de Estado das Comunicações@IdOrgao=3159@Sinonimo=Ministério das Comunicações
Ministra de Estado do Desenvolvimento, Indústria e Comércio Exterior@IdOrgao=3162@Sinonimo=Ministério do Desenvolvimento, Indústria e Comércio Exterior
Ministra de Estado do Desenvolvimento Agrário@IdOrgao=17125@Sinonimo=Ministério do Desenvolvimento Agrário
Ministra de Estado do Esporte@IdOrgao=36670@Sinonimo=Ministério do Esporte
Ministra de Estado da Defesa@IdOrgao=41066@Sinonimo=Ministério da Defesa  
Ministra de Estado da Integração Nacional@IdOrgao=42670@Sinonimo=Ministério da Integração Nacional 
Ministra de Estado das Cidades@IdOrgao=42672@Sinonimo=Ministério das Cidades
Ministra de Estado da Pesca e Aquicultura@IdOrgao=103462@Sinonimo=Ministério da Pesca e Aquicultura
Ministra de Estado Chefe da Casa Civil@IdOrgao=0@Sinonimo=Casa Civil da Presidência da República 
 